STDOUT:


STDERR:
[32m[2026-03-17 12:14:53 INFO] Validating the experiment's syntax
[32m[2026-03-17 12:14:53 INFO] Experiment looks valid
[32m[2026-03-17 12:14:53 INFO] Running experiment: SCE 1.5 Detective Probe - IMDS Protection Weakening via ec2:ModifyInstanceMetadataOptions
[32m[2026-03-17 12:14:53 INFO] Steady-state strategy: after-method-only
[32m[2026-03-17 12:14:53 INFO] Rollbacks strategy: default
[32m[2026-03-17 12:14:53 INFO] Playing your experiment's method now...
[32m[2026-03-17 12:14:53 INFO] Action: Provision CloudFormation stack with production-tagged EC2 instance, permissive attacker IAM role, CloudTrail trail, EventBridge detection rule, SNS topic, and SQS queue
2026-03-17T12:14:53Z [INFO] sce.1_5.detective - === steady_state() -- stack: sce-experiment-1773746093 ===
2026-03-17T12:14:53Z [INFO] sce.1_5.detective - Resolved AWS region: us-east-1
2026-03-17T12:14:53Z [INFO] sce.1_5.detective - Running pre-flight permission checks ...
2026-03-17T12:14:53Z [INFO] botocore.credentials - Found credentials in shared credentials file: ~/.aws/credentials
2026-03-17T12:14:54Z [INFO] sce.1_5.detective - Deploying principal: arn:aws:iam::396608802942:user/ChaosXploit-Labs
2026-03-17T12:14:55Z [INFO] sce.1_5.detective - Pre-flight: all required permissions appear to be allowed.
2026-03-17T12:14:55Z [INFO] sce.1_5.detective - Resolving latest AL2023 AMI via SSM parameter '/aws/service/ami-amazon-linux-latest/al2023-ami-kernel-default-x86_64' ...
2026-03-17T12:14:55Z [INFO] sce.1_5.detective - Resolved AMI ID: ami-02dfbd4ff395f2a1b
2026-03-17T12:14:56Z [INFO] sce.1_5.detective - Deploying in account: 396608802942
2026-03-17T12:14:56Z [INFO] sce.1_5.detective - Validating CloudFormation template string encoding ...
2026-03-17T12:14:56Z [INFO] sce.1_5.detective - Template string validation passed -- all values are ASCII-safe.
2026-03-17T12:14:56Z [INFO] sce.1_5.detective - Creating CloudFormation stack 'sce-experiment-1773746093' ...
2026-03-17T12:14:57Z [INFO] sce.1_5.detective - Waiting for CloudFormation waiter 'stack_create_complete' on stack 'sce-experiment-1773746093' ...
2026-03-17T12:18:06Z [INFO] sce.1_5.detective - CloudFormation waiter 'stack_create_complete' completed for 'sce-experiment-1773746093'.
2026-03-17T12:18:06Z [INFO] sce.1_5.detective - Stack outputs: {'SqsQueueUrl': 'https://sqs.us-east-1.amazonaws.com/396608802942/sce-alert-queue-1773746093', 'AttackerRoleArn': 'arn:aws:iam::396608802942:role/sce-attacker-role-1773746093', 'InstanceId': 'i-04cbbee9ee070ed3e', 'TrailName': 'sce-trail-1773746093'}
2026-03-17T12:18:06Z [INFO] sce.1_5.detective - Outputs validated -- InstanceId=i-04cbbee9ee070ed3e | AttackerRoleArn=arn:aws:iam::396608802942:role/sce-attacker-role-1773746093 | SqsQueueUrl=https://sqs.us-east-1.amazonaws.com/396608802942/sce-alert-queue-1773746093 | TrailName=sce-trail-1773746093
2026-03-17T12:18:07Z [INFO] sce.1_5.detective - Baseline confirmed: IMDSv2 enforced on instance i-04cbbee9ee070ed3e.
2026-03-17T12:18:07Z [INFO] sce.1_5.detective - Baseline confirmed: CloudTrail trail 'sce-trail-1773746093' is logging.
2026-03-17T12:18:08Z [INFO] sce.1_5.detective - Baseline confirmed: SQS queue is empty.
2026-03-17T12:18:09Z [INFO] sce.1_5.detective - steady_state() complete.
[32m[2026-03-17 12:18:09 INFO] Action: Assume attacker role and call ec2:ModifyInstanceMetadataOptions to downgrade IMDS to IMDSv1 generating a real CloudTrail event, then immediately re-harden the instance
2026-03-17T12:18:09Z [INFO] sce.1_5.detective - === attack() -- assuming role arn:aws:iam::396608802942:role/sce-attacker-role-1773746093 ===
2026-03-17T12:18:09Z [INFO] sce.1_5.detective - Assumed AttackerRole. Session: AROAVYV52CB7KS7YBFQSB:sce-attack-1773746093
2026-03-17T12:18:09Z [INFO] sce.1_5.detective - Calling ec2:ModifyInstanceMetadataOptions on instance i-04cbbee9ee070ed3e (http_tokens=optional, hop_limit=2) -- expecting CloudTrail event to be generated ...
2026-03-17T12:18:10Z [INFO] sce.1_5.detective - ModifyInstanceMetadataOptions succeeded (HTTP 200). CloudTrail event should be generated. Instance IMDS is now IMDSv1 -- re-hardening immediately.
2026-03-17T12:18:11Z [INFO] sce.1_5.detective - Re-hardening complete: instance i-04cbbee9ee070ed3e restored to http_tokens=required, hop_limit=1.
2026-03-17T12:18:11Z [INFO] sce.1_5.detective - attack() complete. Result: {'executed': True, 'attack_epoch': 1773746289, 'http_status': 200, 'imds_state_after_attack': {'State': 'pending', 'HttpTokens': 'optional', 'HttpPutResponseHopLimit': 2, 'HttpEndpoint': 'enabled', 'HttpProtocolIpv6': 'disabled', 'InstanceMetadataTags': 'disabled'}, 're_hardened': True}
[32m[2026-03-17 12:18:11 INFO] Steady state hypothesis: EventBridge detection rule is enabled, SQS queue is empty, CloudTrail trail is logging, and EC2 instance has IMDSv2 enforced before attack
[32m[2026-03-17 12:18:11 INFO] Probe: Verify EventBridge -> SNS -> SQS delivered ModifyInstanceMetadataOptions notification within 60-second SLA (H1) and CloudTrail recorded the audit event (H2)
2026-03-17T12:18:11Z [INFO] sce.1_5.detective - === hypothesis_verification() ===
2026-03-17T12:18:11Z [INFO] sce.1_5.detective - [H1] Polling SQS queue for EventBridge detection notification (SLA: 60 seconds) ...
2026-03-17T12:18:13Z [INFO] sce.1_5.detective - [H1] PASS -- Detection notification received via EventBridge -> SNS -> SQS 4.4 seconds after attack. SLA: 60 s. Event name: ModifyInstanceMetadataOptions
2026-03-17T12:18:13Z [INFO] sce.1_5.detective - [H2] Querying CloudTrail LookupEvents for ModifyInstanceMetadataOptions (polling up to 5 minutes) ...
2026-03-17T12:20:32Z [INFO] sce.1_5.detective - [H2] PASS -- CloudTrail event found. EventTime: 2026-03-17 12:18:11+01:00 | Actor: arn:aws:iam::396608802942:user/ChaosXploit-Labs | InstanceId: 
2026-03-17T12:20:32Z [INFO] sce.1_5.detective - hypothesis_verification() -> PASS. Detective control is effective: EventBridge -> SNS -> SQS delivered notification within 60-second SLA (H1), and CloudTrail recorded the audit event (H2).
[32m[2026-03-17 12:20:32 INFO] Steady state hypothesis is met!
[32m[2026-03-17 12:20:32 INFO] Let's rollback...
[32m[2026-03-17 12:20:32 INFO] Rollback: Empty CloudTrail S3 bucket and delete CloudFormation stack with all provisioned experiment resources
[32m[2026-03-17 12:20:32 INFO] Action: Empty CloudTrail S3 bucket and delete CloudFormation stack with all provisioned experiment resources
2026-03-17T12:20:32Z [INFO] sce.1_5.detective - === rollback() -- deleting stack 'sce-experiment-1773746093' ===
2026-03-17T12:20:32Z [INFO] sce.1_5.detective - Emptying S3 bucket 'sce-trail-1773746093-9abb48d6' before stack deletion ...
2026-03-17T12:20:33Z [INFO] sce.1_5.detective - Bucket 'sce-trail-1773746093-9abb48d6' emptied successfully.
2026-03-17T12:20:34Z [INFO] sce.1_5.detective - Stack 'sce-experiment-1773746093' current status: CREATE_COMPLETE
2026-03-17T12:20:35Z [INFO] sce.1_5.detective - Stack deletion initiated for 'sce-experiment-1773746093'.
2026-03-17T12:20:35Z [INFO] sce.1_5.detective - Waiting for CloudFormation waiter 'stack_delete_complete' on stack 'sce-experiment-1773746093' ...
2026-03-17T12:23:01Z [INFO] sce.1_5.detective - CloudFormation waiter 'stack_delete_complete' completed for 'sce-experiment-1773746093'.
2026-03-17T12:23:01Z [INFO] sce.1_5.detective - Stack 'sce-experiment-1773746093' deleted successfully.
2026-03-17T12:23:01Z [INFO] sce.1_5.detective - rollback() complete.
[32m[2026-03-17 12:23:01 INFO] Experiment ended with status: completed


RETURN CODE: 0