STDOUT:


STDERR:
[32m[2026-03-17 18:03:15 INFO] Validating the experiment's syntax
[32m[2026-03-17 18:03:15 INFO] Experiment looks valid
[32m[2026-03-17 18:03:15 INFO] Running experiment: SCE 3.3 Preventive Probe — Permission Boundary and IMDSv2 Enforcement Block Full Attack Chain (T1578 + T1552.005 + T1078.004)
[32m[2026-03-17 18:03:15 INFO] Steady-state strategy: after-method-only
[32m[2026-03-17 18:03:15 INFO] Rollbacks strategy: default
[32m[2026-03-17 18:03:15 INFO] Playing your experiment's method now...
[32m[2026-03-17 18:03:15 INFO] Action: provision-vpc-ec2-iam-permission-boundary-lambdas-s3-ecr-ssm-via-cloudformation
2026-03-17T18:03:15Z  INFO      ======================================================================
2026-03-17T18:03:15Z  INFO      steady_state() — SCE 3.3 Preventive Probe — stack: sce-experiment-1773766995
2026-03-17T18:03:15Z  INFO      ======================================================================
2026-03-17T18:03:15Z  INFO      Found credentials in shared credentials file: ~/.aws/credentials
2026-03-17T18:03:16Z  INFO      Resolved AMI: ami-02dfbd4ff395f2a1b
2026-03-17T18:03:16Z  INFO      Found credentials in shared credentials file: ~/.aws/credentials
2026-03-17T18:03:17Z  INFO      Found credentials in shared credentials file: ~/.aws/credentials
2026-03-17T18:03:18Z  INFO      Stack creation initiated.
2026-03-17T18:03:18Z  INFO      Waiting for stack 'sce-experiment-1773766995' → CREATE_COMPLETE …
2026-03-17T18:03:19Z  INFO        Stack status: CREATE_IN_PROGRESS
2026-03-17T18:03:34Z  INFO        Stack status: CREATE_IN_PROGRESS
2026-03-17T18:03:50Z  INFO        Stack status: CREATE_IN_PROGRESS
2026-03-17T18:04:06Z  INFO        Stack status: CREATE_IN_PROGRESS
2026-03-17T18:04:21Z  INFO        Stack status: CREATE_IN_PROGRESS
2026-03-17T18:04:37Z  INFO        Stack status: CREATE_IN_PROGRESS
2026-03-17T18:04:53Z  INFO        Stack status: CREATE_IN_PROGRESS
2026-03-17T18:05:09Z  INFO        Stack status: CREATE_IN_PROGRESS
2026-03-17T18:05:24Z  INFO        Stack status: CREATE_IN_PROGRESS
2026-03-17T18:05:40Z  INFO        Stack status: CREATE_IN_PROGRESS
2026-03-17T18:05:56Z  INFO        Stack status: CREATE_IN_PROGRESS
2026-03-17T18:06:12Z  INFO        Stack status: CREATE_IN_PROGRESS
2026-03-17T18:06:28Z  INFO        Stack status: CREATE_IN_PROGRESS
2026-03-17T18:06:44Z  INFO        Stack status: CREATE_IN_PROGRESS
2026-03-17T18:06:59Z  INFO        Stack status: CREATE_IN_PROGRESS
2026-03-17T18:07:15Z  INFO        Stack status: CREATE_IN_PROGRESS
2026-03-17T18:07:31Z  INFO        Stack status: CREATE_IN_PROGRESS
2026-03-17T18:07:47Z  INFO        Stack status: CREATE_IN_PROGRESS
2026-03-17T18:08:02Z  INFO        Stack status: CREATE_IN_PROGRESS
2026-03-17T18:08:18Z  INFO        Stack status: CREATE_IN_PROGRESS
2026-03-17T18:08:34Z  INFO        Stack status: CREATE_IN_PROGRESS
2026-03-17T18:08:50Z  INFO        Stack status: CREATE_IN_PROGRESS
2026-03-17T18:09:06Z  INFO        Stack status: CREATE_IN_PROGRESS
2026-03-17T18:09:21Z  INFO        Stack status: CREATE_IN_PROGRESS
2026-03-17T18:09:37Z  INFO        Stack status: CREATE_IN_PROGRESS
2026-03-17T18:09:53Z  INFO        Stack status: CREATE_IN_PROGRESS
2026-03-17T18:10:09Z  INFO        Stack status: CREATE_COMPLETE
2026-03-17T18:10:09Z  INFO      Stack outputs collected:
{
  "stack_name": "sce-experiment-1773766995",
  "suffix": "1773766995",
  "instance_id": "i-060176d14e535b513",
  "instance_role_name": "SCEInstanceRole-1773766995",
  "attacker_role_name": "SCEAttackerRole-1773766995",
  "attacker_role_arn": "arn:aws:iam::396608802942:role/SCEAttackerRole-1773766995",
  "imds_probe_fn_name": "SCEIMDSProbe-1773766995",
  "imds_modify_fn_name": "SCEIMDSModify-1773766995",
  "attacker_fn_name": "SCEAttacker-1773766995",
  "harvest_param_name": "/sce/3-3/1773766995/harvest_signal",
  "attack_results_param": "/sce/3-3/1773766995/attack_results",
  "imds_modify_param": "/sce/3-3/1773766995/imds_modify_result",
  "pci_bucket_name": "sce-pci-bucket-1773766995",
  "ecr_repo_name": "sce-ecr-1773766995",
  "boundary_policy_name": "SCEPermBoundary-1773766995"
}
2026-03-17T18:10:09Z  INFO      Waiting 50s for IAM propagation + EC2 IMDS readiness …
2026-03-17T18:10:59Z  INFO      steady_state() complete.
[32m[2026-03-17 18:10:59 INFO] Action: execute-attack-1.2-imds-weaken-attempt-2.2-imds-harvest-attempt-3.2-lateral-movement-attempt-via-attacker-role
2026-03-17T18:10:59Z  INFO      ======================================================================
2026-03-17T18:10:59Z  INFO      attack() — SCE 3.3
2026-03-17T18:10:59Z  INFO      ======================================================================
2026-03-17T18:10:59Z  INFO      Found credentials in shared credentials file: ~/.aws/credentials
2026-03-17T18:10:59Z  INFO      [1.2-IMDS-Modify] Invoking Lambda 'SCEIMDSModify-1773766995' …
2026-03-17T18:11:03Z  INFO      [1.2-IMDS-Modify] Lambda tail log:
START RequestId: e043ed44-0604-4430-877c-935835c5c2d0 Version: $LATEST
END RequestId: e043ed44-0604-4430-877c-935835c5c2d0
REPORT RequestId: e043ed44-0604-4430-877c-935835c5c2d0	Duration: 2489.07 ms	Billed Duration: 2764 ms	Memory Size: 128 MB	Max Memory Used: 92 MB	Init Duration: 273.95 ms	

2026-03-17T18:11:03Z  INFO      [1.2-IMDS-Modify] Lambda payload: {
  "modify_result": "denied::AccessDenied::User: arn:aws:sts::396608802942:assumed-role/SCEAttackerLambdaRole-1773766995/SCEIMDSModify-1773766995 is not authorized"
}
2026-03-17T18:11:03Z  INFO      [1.2] IMDS modify attempt result: denied::AccessDenied::User: arn:aws:sts::396608802942:assumed-role/SCEAttackerLambdaRole-1773766995/SCEIMDSModify-1773766995 is not authorized
2026-03-17T18:11:03Z  INFO      [2.2-IMDS-Harvest] Invoking Lambda 'SCEIMDSProbe-1773766995' …
2026-03-17T18:11:06Z  INFO      [2.2-IMDS-Harvest] Lambda tail log:
START RequestId: 60b78615-8f90-44c0-bcb3-1ea916eb5204 Version: $LATEST
END RequestId: 60b78615-8f90-44c0-bcb3-1ea916eb5204
REPORT RequestId: 60b78615-8f90-44c0-bcb3-1ea916eb5204	Duration: 2367.02 ms	Billed Duration: 2636 ms	Memory Size: 128 MB	Max Memory Used: 86 MB	Init Duration: 268.49 ms	

2026-03-17T18:11:06Z  INFO      [2.2-IMDS-Harvest] Lambda payload: {
  "harvest": "blocked::URLError::<urlopen error [Errno 111] Connection refused>"
}
2026-03-17T18:11:06Z  INFO      [2.2] IMDS harvest attempt result: blocked::URLError::<urlopen error [Errno 111] Connection refused>
2026-03-17T18:11:06Z  INFO      [3.2-LateralMovement] Invoking Lambda 'SCEAttacker-1773766995' …
2026-03-17T18:11:09Z  INFO      [3.2-LateralMovement] Lambda tail log:
START RequestId: f36a7141-0de2-4a6a-af83-03955eff54ba Version: $LATEST
END RequestId: f36a7141-0de2-4a6a-af83-03955eff54ba
REPORT RequestId: f36a7141-0de2-4a6a-af83-03955eff54ba	Duration: 2933.46 ms	Billed Duration: 3262 ms	Memory Size: 128 MB	Max Memory Used: 92 MB	Init Duration: 328.15 ms	

2026-03-17T18:11:09Z  INFO      [3.2-LateralMovement] Lambda payload: {
  "error": "cannot assume attacker role"
}
2026-03-17T18:11:09Z  INFO      [3.2] Lateral movement attempt results: {
  "error": "cannot assume attacker role"
}
2026-03-17T18:11:09Z  INFO      attack() complete — invocation success: True
[32m[2026-03-17 18:11:09 INFO] Steady state hypothesis: Permission Boundary and IMDSv2 enforcement block all three attack steps with no state change on the EC2 instance or AWS account
[32m[2026-03-17 18:11:09 INFO] Probe: verify-imds-modify-denied-harvest-blocked-and-all-privileged-lateral-movement-actions-denied-by-permission-boundary
2026-03-17T18:11:09Z  INFO      ======================================================================
2026-03-17T18:11:09Z  INFO      hypothesis_verification() — SCE 3.3 Preventive Probe
2026-03-17T18:11:09Z  INFO      ======================================================================
2026-03-17T18:11:09Z  INFO      Found credentials in shared credentials file: ~/.aws/credentials
2026-03-17T18:11:09Z  INFO      Found credentials in shared credentials file: ~/.aws/credentials
2026-03-17T18:11:09Z  INFO      Found credentials in shared credentials file: ~/.aws/credentials
2026-03-17T18:11:09Z  INFO      (a) Verifying ec2:ModifyInstanceMetadataOptions was denied …
2026-03-17T18:11:10Z  INFO        (a) IMDSModifyParam value: denied::AccessDenied::User: arn:aws:sts::396608802942:assumed-role/SCEAttackerLambdaRole-1773766995/SCEIMDSModify-1773766995 is not authorized
2026-03-17T18:11:11Z  INFO        (a) EC2 IMDS options post-attack: HttpTokens=required, HopLimit=1
2026-03-17T18:11:11Z  INFO        (a) PASS — ModifyInstanceMetadataOptions denied (result: denied::AccessDenied::User: arn:aws:sts::396608802942:assumed-role/SCEAttackerLambdaRole-1773766995/SCEIMDSModify-1773766995 is not authorized) AND EC2 IMDS baseline preserved (HttpTokens=required, HopLimit=1).
2026-03-17T18:11:11Z  INFO      (b) Verifying IMDS credential harvest was blocked …
2026-03-17T18:11:12Z  INFO        (b) HarvestSignalParam value: blocked::URLError::<urlopen error [Errno 111] Connection refused>
2026-03-17T18:11:12Z  INFO        (b) PASS — IMDS credential harvest blocked by IMDSv2 enforcement / NACL: blocked::URLError::<urlopen error [Errno 111] Connection refused>
2026-03-17T18:11:12Z  INFO      (c) Verifying all privileged lateral-movement actions were denied …
2026-03-17T18:11:12Z  INFO        (c) AttackResultsParam raw value: {"assume_role": "denied::AccessDenied"}
2026-03-17T18:11:12Z  INFO        (c) Per-action results:
{
    "assume_role": "denied::AccessDenied"
}
2026-03-17T18:11:12Z  ERROR       (c) FAIL — 7 privileged action(s) were NOT denied: [('iam:CreateUser', 'missing'), ('iam:AttachRolePolicy', 'missing'), ('iam:CreatePolicy', 'missing'), ('iam:ListRoles', 'missing'), ('ecr:PutImage', 'missing'), ('s3:GetObject', 'missing'), ('sts:AssumeRole', 'missing')]
2026-03-17T18:11:12Z  INFO      (d) IAM SimulatePrincipalPolicy cross-check on AttackerRole 'arn:aws:iam::396608802942:role/SCEAttackerRole-1773766995' …
2026-03-17T18:11:13Z  INFO        (d)  iam:CreateUser                                → explicitDeny
2026-03-17T18:11:13Z  INFO        (d)  iam:AttachRolePolicy                          → explicitDeny
2026-03-17T18:11:13Z  INFO        (d)  iam:CreatePolicy                              → explicitDeny
2026-03-17T18:11:13Z  INFO        (d)  iam:ListRoles                                 → explicitDeny
2026-03-17T18:11:13Z  INFO        (d)  ecr:PutImage                                  → explicitDeny
2026-03-17T18:11:13Z  INFO        (d)  s3:GetObject                                  → explicitDeny
2026-03-17T18:11:13Z  INFO        (d)  sts:AssumeRole                                → explicitDeny
2026-03-17T18:11:13Z  INFO        (d)  sts:GetCallerIdentity                         → allowed
2026-03-17T18:11:13Z  INFO        (d) PASS — All privileged actions confirmed denied; baseline confirmed allowed via IAM policy simulation.
2026-03-17T18:11:13Z  INFO      ----------------------------------------------------------------------
2026-03-17T18:11:13Z  INFO      hypothesis_verification() FAILED ❌
2026-03-17T18:11:13Z  INFO        (a) ModifyIMDS denied + EC2 state unchanged  : PASS
2026-03-17T18:11:13Z  INFO        (b) IMDS harvest blocked                     : PASS
2026-03-17T18:11:13Z  INFO        (c) Privileged actions denied (live)         : FAIL
2026-03-17T18:11:13Z  INFO        (d) Privileged actions denied (simulation)   : PASS
2026-03-17T18:11:13Z  INFO      ----------------------------------------------------------------------
[31m[2026-03-17 18:11:13 CRITICAL] Steady state probe 'verify-imds-modify-denied-harvest-blocked-and-all-privileged-lateral-movement-actions-denied-by-permission-boundary' is not in the given tolerance so failing this experiment
[32m[2026-03-17 18:11:13 INFO] Let's rollback...
[32m[2026-03-17 18:11:13 INFO] Rollback: empty-s3-bucket-delete-ecr-repo-remove-ssm-params-and-destroy-cloudformation-stack
[32m[2026-03-17 18:11:13 INFO] Action: empty-s3-bucket-delete-ecr-repo-remove-ssm-params-and-destroy-cloudformation-stack
2026-03-17T18:11:13Z  INFO      ======================================================================
2026-03-17T18:11:13Z  INFO      rollback() — SCE 3.3
2026-03-17T18:11:13Z  INFO      ======================================================================
2026-03-17T18:11:13Z  INFO      Found credentials in shared credentials file: ~/.aws/credentials
2026-03-17T18:11:14Z  INFO      Emptied S3 bucket 'sce-pci-bucket-1773766995'.
2026-03-17T18:11:14Z  INFO      Found credentials in shared credentials file: ~/.aws/credentials
2026-03-17T18:11:15Z  INFO      Deleted ECR repository 'sce-ecr-1773766995'.
2026-03-17T18:11:15Z  INFO      Found credentials in shared credentials file: ~/.aws/credentials
2026-03-17T18:11:16Z  INFO      Deleted SSM parameter '/sce/3-3/1773766995/harvest_signal'.
2026-03-17T18:11:16Z  INFO      Deleted SSM parameter '/sce/3-3/1773766995/attack_results'.
2026-03-17T18:11:16Z  INFO      Deleted SSM parameter '/sce/3-3/1773766995/imds_modify_result'.
2026-03-17T18:11:16Z  INFO      Found credentials in shared credentials file: ~/.aws/credentials
2026-03-17T18:11:17Z  INFO      Stack deletion initiated: 'sce-experiment-1773766995'.
2026-03-17T18:11:17Z  INFO      Waiting for stack 'sce-experiment-1773766995' → DELETE_COMPLETE …
2026-03-17T18:11:17Z  INFO        Stack status: DELETE_IN_PROGRESS
2026-03-17T18:11:33Z  INFO        Stack status: DELETE_IN_PROGRESS
2026-03-17T18:11:49Z  INFO        Stack status: DELETE_IN_PROGRESS
2026-03-17T18:12:05Z  INFO        Stack status: DELETE_IN_PROGRESS
2026-03-17T18:12:20Z  INFO        Stack status: DELETE_IN_PROGRESS
2026-03-17T18:12:36Z  INFO        Stack status: DELETE_IN_PROGRESS
2026-03-17T18:12:52Z  INFO        Stack status: DELETE_IN_PROGRESS
2026-03-17T18:13:08Z  INFO        Stack status: DELETE_IN_PROGRESS
2026-03-17T18:13:24Z  INFO        Stack status: DELETE_IN_PROGRESS
2026-03-17T18:13:40Z  INFO        Stack status: DELETE_IN_PROGRESS
2026-03-17T18:13:56Z  INFO        Stack status: DELETE_IN_PROGRESS
2026-03-17T18:14:11Z  INFO        Stack status: DELETE_IN_PROGRESS
2026-03-17T18:14:27Z  INFO        Stack status: DELETE_IN_PROGRESS
2026-03-17T18:14:43Z  INFO        Stack status: DELETE_IN_PROGRESS
2026-03-17T18:14:59Z  INFO        Stack status: DELETE_IN_PROGRESS
2026-03-17T18:15:15Z  INFO        Stack status: DELETE_IN_PROGRESS
2026-03-17T18:15:31Z  INFO        Stack status: DELETE_IN_PROGRESS
2026-03-17T18:15:47Z  INFO        Stack status: DELETE_IN_PROGRESS
2026-03-17T18:16:03Z  INFO        Stack status: DELETE_IN_PROGRESS
2026-03-17T18:16:18Z  INFO        Stack status: DELETE_IN_PROGRESS
2026-03-17T18:16:34Z  INFO        Stack status: DELETE_IN_PROGRESS
2026-03-17T18:16:50Z  INFO        Stack status: DELETE_IN_PROGRESS
2026-03-17T18:17:06Z  INFO        Stack status: DELETE_IN_PROGRESS
2026-03-17T18:17:22Z  INFO        Stack status: DELETE_IN_PROGRESS
2026-03-17T18:17:38Z  INFO        Stack status: DELETE_IN_PROGRESS
2026-03-17T18:17:53Z  INFO        Stack status: DELETE_IN_PROGRESS
2026-03-17T18:18:09Z  INFO        Stack status: DELETE_IN_PROGRESS
2026-03-17T18:18:25Z  INFO        Stack status: DELETE_IN_PROGRESS
2026-03-17T18:18:41Z  INFO        Stack status: DELETE_IN_PROGRESS
2026-03-17T18:18:57Z  INFO        Stack status: DELETE_IN_PROGRESS
2026-03-17T18:19:13Z  INFO        Stack status: DELETE_IN_PROGRESS
2026-03-17T18:19:29Z  INFO        Stack status: DELETE_IN_PROGRESS
2026-03-17T18:19:45Z  INFO        Stack status: DELETE_IN_PROGRESS
2026-03-17T18:20:00Z  INFO        Stack status: DELETE_IN_PROGRESS
2026-03-17T18:20:16Z  INFO        Stack status: DELETE_IN_PROGRESS
2026-03-17T18:20:31Z  INFO        Stack status: DELETE_IN_PROGRESS
2026-03-17T18:20:47Z  INFO        Stack status: DELETE_IN_PROGRESS
2026-03-17T18:21:03Z  INFO        Stack status: DELETE_IN_PROGRESS
2026-03-17T18:21:19Z  INFO        Stack status: DELETE_IN_PROGRESS
2026-03-17T18:21:34Z  INFO        Stack status: DELETE_IN_PROGRESS
2026-03-17T18:21:50Z  INFO        Stack status: DELETE_IN_PROGRESS
2026-03-17T18:22:06Z  INFO        Stack status: DELETE_IN_PROGRESS
2026-03-17T18:22:22Z  INFO        Stack status: DELETE_IN_PROGRESS
2026-03-17T18:22:37Z  INFO        Stack status: DELETE_IN_PROGRESS
2026-03-17T18:22:53Z  INFO        Stack status: DELETE_IN_PROGRESS
2026-03-17T18:23:09Z  INFO        Stack status: DELETE_IN_PROGRESS
2026-03-17T18:23:24Z  INFO        Stack status: DELETE_IN_PROGRESS
2026-03-17T18:23:40Z  INFO        Stack status: DELETE_IN_PROGRESS
2026-03-17T18:23:56Z  INFO        Stack status: DELETE_IN_PROGRESS
2026-03-17T18:24:12Z  INFO        Stack status: DELETE_IN_PROGRESS
2026-03-17T18:24:27Z  INFO        Stack status: DELETE_IN_PROGRESS
2026-03-17T18:24:43Z  INFO        Stack status: DELETE_IN_PROGRESS
2026-03-17T18:24:59Z  INFO        Stack status: DELETE_IN_PROGRESS
2026-03-17T18:25:14Z  INFO        Stack status: DELETE_IN_PROGRESS
2026-03-17T18:25:30Z  INFO        Stack status: DELETE_IN_PROGRESS
2026-03-17T18:25:46Z  INFO        Stack status: DELETE_IN_PROGRESS
2026-03-17T18:26:01Z  INFO        Stack status: DELETE_IN_PROGRESS
2026-03-17T18:26:17Z  INFO        Stack status: DELETE_IN_PROGRESS
2026-03-17T18:26:32Z  ERROR     Timeout waiting for stack deletion: Stack 'sce-experiment-1773766995' did not reach DELETE_COMPLETE within 900s
[32m[2026-03-17 18:26:32 INFO] Experiment ended with status: deviated
[32m[2026-03-17 18:26:32 INFO] The steady-state has deviated, a weakness may have been discovered


RETURN CODE: 1