STDOUT:


STDERR:
[32m[2026-03-17 18:38:14 INFO] Validating the experiment's syntax
[32m[2026-03-17 18:38:14 INFO] Experiment looks valid
[32m[2026-03-17 18:38:14 INFO] Running experiment: SCE 3.3 Detective Probe — CloudTrail, VPC Flow Logs, AWS Config, and CloudWatch Alarms Detect Full Attack Chain (T1578 + T1552.005 + T1078.004)
[32m[2026-03-17 18:38:14 INFO] Steady-state strategy: after-method-only
[32m[2026-03-17 18:38:14 INFO] Rollbacks strategy: default
[32m[2026-03-17 18:38:14 INFO] Playing your experiment's method now...
[32m[2026-03-17 18:38:14 INFO] Action: provision-vpc-ec2-cloudtrail-config-flowlogs-alarms-lambdas-iam-s3-ecr-ssm-via-cloudformation
2026-03-17T18:38:14Z  INFO      ======================================================================
2026-03-17T18:38:14Z  INFO      steady_state() — SCE 3.3 Detective Probe — stack: sce-experiment-1773769094
2026-03-17T18:38:14Z  INFO      ======================================================================
2026-03-17T18:38:14Z  INFO      Found credentials in shared credentials file: ~/.aws/credentials
2026-03-17T18:38:15Z  INFO      Resolved AMI: ami-02dfbd4ff395f2a1b
2026-03-17T18:38:15Z  INFO      Found credentials in shared credentials file: ~/.aws/credentials
2026-03-17T18:38:16Z  INFO      Found credentials in shared credentials file: ~/.aws/credentials
2026-03-17T18:38:17Z  INFO      Stack creation initiated.
2026-03-17T18:38:17Z  INFO      Waiting for stack 'sce-experiment-1773769094' → CREATE_COMPLETE …
2026-03-17T18:38:18Z  INFO        Stack status: CREATE_IN_PROGRESS
2026-03-17T18:38:33Z  INFO        Stack status: CREATE_IN_PROGRESS
2026-03-17T18:38:49Z  INFO        Stack status: CREATE_IN_PROGRESS
2026-03-17T18:39:05Z  INFO        Stack status: CREATE_IN_PROGRESS
2026-03-17T18:39:21Z  INFO        Stack status: CREATE_IN_PROGRESS
2026-03-17T18:39:37Z  INFO        Stack status: CREATE_IN_PROGRESS
2026-03-17T18:39:53Z  INFO        Stack status: CREATE_IN_PROGRESS
2026-03-17T18:40:09Z  INFO        Stack status: CREATE_IN_PROGRESS
2026-03-17T18:40:24Z  INFO        Stack status: CREATE_IN_PROGRESS
2026-03-17T18:40:40Z  INFO        Stack status: CREATE_IN_PROGRESS
2026-03-17T18:40:56Z  INFO        Stack status: CREATE_IN_PROGRESS
2026-03-17T18:41:12Z  INFO        Stack status: CREATE_IN_PROGRESS
2026-03-17T18:41:28Z  INFO        Stack status: CREATE_IN_PROGRESS
2026-03-17T18:41:47Z  INFO        Stack status: CREATE_IN_PROGRESS
2026-03-17T18:42:03Z  INFO        Stack status: CREATE_IN_PROGRESS
2026-03-17T18:42:18Z  INFO        Stack status: CREATE_IN_PROGRESS
2026-03-17T18:42:34Z  INFO        Stack status: CREATE_IN_PROGRESS
2026-03-17T18:42:50Z  INFO        Stack status: CREATE_IN_PROGRESS
2026-03-17T18:43:06Z  INFO        Stack status: CREATE_IN_PROGRESS
2026-03-17T18:43:21Z  INFO        Stack status: CREATE_IN_PROGRESS
2026-03-17T18:43:37Z  INFO        Stack status: CREATE_IN_PROGRESS
2026-03-17T18:43:53Z  INFO        Stack status: CREATE_IN_PROGRESS
2026-03-17T18:44:09Z  INFO        Stack status: CREATE_IN_PROGRESS
2026-03-17T18:44:25Z  INFO        Stack status: CREATE_IN_PROGRESS
2026-03-17T18:44:41Z  INFO        Stack status: CREATE_IN_PROGRESS
2026-03-17T18:44:57Z  INFO        Stack status: CREATE_IN_PROGRESS
2026-03-17T18:45:13Z  INFO        Stack status: CREATE_IN_PROGRESS
2026-03-17T18:45:29Z  INFO        Stack status: CREATE_IN_PROGRESS
2026-03-17T18:45:45Z  INFO        Stack status: CREATE_IN_PROGRESS
2026-03-17T18:46:00Z  INFO        Stack status: CREATE_IN_PROGRESS
2026-03-17T18:46:16Z  INFO        Stack status: CREATE_IN_PROGRESS
2026-03-17T18:46:32Z  INFO        Stack status: CREATE_IN_PROGRESS
2026-03-17T18:46:48Z  INFO        Stack status: CREATE_IN_PROGRESS
2026-03-17T18:47:03Z  INFO        Stack status: CREATE_IN_PROGRESS
2026-03-17T18:47:19Z  INFO        Stack status: CREATE_IN_PROGRESS
2026-03-17T18:47:35Z  INFO        Stack status: CREATE_IN_PROGRESS
2026-03-17T18:47:50Z  INFO        Stack status: CREATE_IN_PROGRESS
2026-03-17T18:48:06Z  INFO        Stack status: CREATE_IN_PROGRESS
2026-03-17T18:48:22Z  INFO        Stack status: CREATE_IN_PROGRESS
2026-03-17T18:48:38Z  INFO        Stack status: CREATE_IN_PROGRESS
2026-03-17T18:48:54Z  INFO        Stack status: CREATE_IN_PROGRESS
2026-03-17T18:49:10Z  INFO        Stack status: CREATE_IN_PROGRESS
2026-03-17T18:49:26Z  INFO        Stack status: CREATE_IN_PROGRESS
2026-03-17T18:49:42Z  INFO        Stack status: CREATE_IN_PROGRESS
2026-03-17T18:49:57Z  INFO        Stack status: CREATE_IN_PROGRESS
2026-03-17T18:50:13Z  INFO        Stack status: CREATE_IN_PROGRESS
2026-03-17T18:50:29Z  INFO        Stack status: CREATE_IN_PROGRESS
2026-03-17T18:50:45Z  INFO        Stack status: CREATE_IN_PROGRESS
2026-03-17T18:51:01Z  INFO        Stack status: CREATE_IN_PROGRESS
2026-03-17T18:51:16Z  INFO        Stack status: CREATE_IN_PROGRESS
2026-03-17T18:51:32Z  INFO        Stack status: CREATE_IN_PROGRESS
2026-03-17T18:51:48Z  INFO        Stack status: CREATE_IN_PROGRESS
2026-03-17T18:52:04Z  INFO        Stack status: CREATE_IN_PROGRESS
2026-03-17T18:52:20Z  INFO        Stack status: CREATE_IN_PROGRESS
2026-03-17T18:52:36Z  INFO        Stack status: CREATE_IN_PROGRESS
2026-03-17T18:52:51Z  INFO        Stack status: CREATE_IN_PROGRESS
2026-03-17T18:53:07Z  INFO        Stack status: CREATE_IN_PROGRESS
2026-03-17T18:53:23Z  INFO        Stack status: CREATE_IN_PROGRESS
2026-03-17T18:53:39Z  INFO        Stack status: CREATE_IN_PROGRESS
2026-03-17T18:53:55Z  INFO        Stack status: CREATE_IN_PROGRESS
2026-03-17T18:54:11Z  INFO        Stack status: CREATE_IN_PROGRESS
2026-03-17T18:54:26Z  INFO        Stack status: CREATE_IN_PROGRESS
2026-03-17T18:54:42Z  INFO        Stack status: CREATE_IN_PROGRESS
2026-03-17T18:54:58Z  INFO        Stack status: CREATE_IN_PROGRESS
2026-03-17T18:55:14Z  INFO        Stack status: CREATE_IN_PROGRESS
2026-03-17T18:55:30Z  INFO        Stack status: CREATE_IN_PROGRESS
2026-03-17T18:55:46Z  INFO        Stack status: CREATE_IN_PROGRESS
2026-03-17T18:56:02Z  INFO        Stack status: CREATE_IN_PROGRESS
2026-03-17T18:56:18Z  INFO        Stack status: CREATE_IN_PROGRESS
2026-03-17T18:56:34Z  INFO        Stack status: CREATE_IN_PROGRESS
2026-03-17T18:56:49Z  INFO        Stack status: CREATE_IN_PROGRESS
2026-03-17T18:57:05Z  INFO        Stack status: CREATE_IN_PROGRESS
2026-03-17T18:57:21Z  INFO        Stack status: CREATE_IN_PROGRESS
2026-03-17T18:57:37Z  INFO        Stack status: CREATE_IN_PROGRESS
2026-03-17T18:57:53Z  INFO        Stack status: CREATE_IN_PROGRESS
2026-03-17T18:58:09Z  INFO        Stack status: CREATE_IN_PROGRESS
[31m[2026-03-17 18:58:24 ERROR]   => failed: TimeoutError: Stack 'sce-experiment-1773769094' did not reach CREATE_COMPLETE within 1200s
[32m[2026-03-17 18:58:24 INFO] Action: execute-attack-1.2-modify-imds-2.2-harvest-credentials-3.2-lateral-movement-via-exfil-role
2026-03-17T18:58:24Z  INFO      ======================================================================
2026-03-17T18:58:24Z  INFO      attack() — SCE 3.3 Detective Probe
2026-03-17T18:58:24Z  INFO      ======================================================================
2026-03-17T18:58:24Z  INFO      Found credentials in shared credentials file: ~/.aws/credentials
2026-03-17T18:58:24Z  INFO      Found credentials in shared credentials file: ~/.aws/credentials
[31m[2026-03-17 18:58:24 ERROR]   => failed: KeyError: 'instance_id'
[32m[2026-03-17 18:58:24 INFO] Steady state hypothesis: CloudTrail, VPC Flow Logs metric filter alarm, AWS Config NON_COMPLIANT evaluation, and CloudWatch Trail alarm all detect the three-step IMDS attack chain within defined detection windows
[32m[2026-03-17 18:58:24 INFO] Probe: verify-cloudtrail-config-flowlogs-and-trail-alarm-detect-imds-weakening-harvest-and-lateral-movement
2026-03-17T18:58:24Z  INFO      ======================================================================
2026-03-17T18:58:24Z  INFO      hypothesis_verification() — SCE 3.3 Detective Probe
2026-03-17T18:58:24Z  INFO      ======================================================================
2026-03-17T18:58:24Z  INFO      Found credentials in shared credentials file: ~/.aws/credentials
2026-03-17T18:58:24Z  INFO      Found credentials in shared credentials file: ~/.aws/credentials
2026-03-17T18:58:24Z  INFO      Found credentials in shared credentials file: ~/.aws/credentials
2026-03-17T18:58:24Z  INFO      Found credentials in shared credentials file: ~/.aws/credentials
2026-03-17T18:58:24Z  INFO      Found credentials in shared credentials file: ~/.aws/credentials
[31m[2026-03-17 18:58:24 ERROR]   => failed: KeyError: 'instance_id'
[33m[2026-03-17 18:58:24 WARNING] Probe terminated unexpectedly, so its tolerance could not be validated
[31m[2026-03-17 18:58:24 CRITICAL] Steady state probe 'verify-cloudtrail-config-flowlogs-and-trail-alarm-detect-imds-weakening-harvest-and-lateral-movement' is not in the given tolerance so failing this experiment
[32m[2026-03-17 18:58:24 INFO] Experiment ended with status: deviated
[32m[2026-03-17 18:58:24 INFO] The steady-state has deviated, a weakness may have been discovered


RETURN CODE: 1