STDOUT:


STDERR:
[32m[2026-04-03 23:05:33 INFO] Validating the experiment's syntax
[32m[2026-04-03 23:05:33 INFO] Experiment looks valid
[32m[2026-04-03 23:05:33 INFO] Running experiment: SCE 1.3 - Preventive Control for Malicious CodeBuild Project Creation
[32m[2026-04-03 23:05:33 INFO] Steady-state strategy: after-method-only
[32m[2026-04-03 23:05:33 INFO] Rollbacks strategy: default
[32m[2026-04-03 23:05:33 INFO] Playing your experiment's method now...
[32m[2026-04-03 23:05:33 INFO] Action: deploy-codebuild-environment-with-preventive-controls
2026-04-03 23:05:33,196 - INFO - Found credentials in shared credentials file: ~/.aws/credentials
2026-04-03 23:05:33,729 - INFO - Running as: arn:aws:iam::941377112071:user/sce_user
2026-04-03 23:05:33,729 - INFO - Account: 941377112071
2026-04-03 23:05:33,729 - INFO - Region: us-east-1
2026-04-03 23:05:33,730 - INFO - Creating stack: sce-experiment-1775275533
2026-04-03 23:05:33,743 - INFO - Found credentials in shared credentials file: ~/.aws/credentials
2026-04-03 23:05:34,482 - INFO - Stack creation initiated: sce-experiment-1775275533
2026-04-03 23:05:34,603 - INFO - Stack status: CREATE_IN_PROGRESS
2026-04-03 23:05:39,726 - INFO - Stack status: CREATE_IN_PROGRESS
2026-04-03 23:05:47,636 - INFO - Stack status: CREATE_IN_PROGRESS
2026-04-03 23:05:59,290 - INFO - Stack status: CREATE_COMPLETE
2026-04-03 23:05:59,290 - INFO - Condition met after 24.8s
2026-04-03 23:05:59,400 - INFO - Stack outputs: [
  {
    "OutputKey": "CodeBuildRoleArn",
    "OutputValue": "arn:aws:iam::941377112071:role/sce-codebuild-role-1775275533"
  },
  {
    "OutputKey": "BucketName",
    "OutputValue": "sce-codebuild-artifacts-1775275533"
  },
  {
    "OutputKey": "AttackerRoleArn",
    "OutputValue": "arn:aws:iam::941377112071:role/sce-attacker-role-1775275533"
  }
]
2026-04-03 23:05:59,400 - INFO - Steady state established successfully
[32m[2026-04-03 23:05:59 INFO] Action: attempt-malicious-codebuild-project-creation
2026-04-03 23:05:59,403 - INFO - Starting attack: Create Malicious CodeBuild Project
2026-04-03 23:05:59,811 - INFO - Assuming attacker role: arn:aws:iam::941377112071:role/sce-attacker-role-1775275533
2026-04-03 23:06:00,308 - INFO - Attack attempt 1: Creating CodeBuild project with privileged mode
2026-04-03 23:06:00,797 - INFO - Attack blocked with error AccessDeniedException: User: arn:aws:sts::941377112071:assumed-role/sce-attacker-role-1775275533/attack-session-1775275533 is not authorized to perform: codebuild:CreateProject on resource: arn:aws:codebuild:us-east-1:941377112071:project/malicious-project-1775275533 because no identity-based policy allows the codebuild:CreateProject action
2026-04-03 23:06:00,798 - INFO - Preventive control successfully blocked privileged mode creation
[32m[2026-04-03 23:06:00 INFO] Steady state hypothesis: Preventive control blocks malicious CodeBuild project creation
[32m[2026-04-03 23:06:00 INFO] Probe: verify-preventive-control-effectiveness
2026-04-03 23:06:00,801 - INFO - Starting hypothesis verification
2026-04-03 23:06:01,250 - INFO - Checking if malicious project exists: malicious-project-1775275533
2026-04-03 23:06:01,660 - INFO - SUCCESS: Malicious project does not exist (was blocked)
2026-04-03 23:06:01,660 - INFO - Verifying preventive control policy on role: sce-attacker-role-1775275533
2026-04-03 23:06:02,193 - INFO - Retrieved role: sce-attacker-role-1775275533
2026-04-03 23:06:02,432 - INFO - Found preventive control: Deny privileged mode
2026-04-03 23:06:02,433 - INFO - Preventive control policy verified
2026-04-03 23:06:02,433 - INFO - Listing all CodeBuild projects to double-check
2026-04-03 23:06:02,536 - INFO - Verified malicious project not in list of 3 projects
2026-04-03 23:06:02,536 - INFO - Hypothesis verification PASSED: Preventive control successfully blocked malicious project
[32m[2026-04-03 23:06:02 INFO] Steady state hypothesis is met!
[32m[2026-04-03 23:06:02 INFO] Let's rollback...
[32m[2026-04-03 23:06:02 INFO] Rollback: cleanup-experiment-resources
[32m[2026-04-03 23:06:02 INFO] Action: cleanup-experiment-resources
2026-04-03 23:06:02,540 - INFO - Starting rollback for stack: sce-experiment-1775275533
2026-04-03 23:06:03,116 - INFO - Stack deletion initiated: sce-experiment-1775275533
2026-04-03 23:06:03,240 - INFO - Stack status: DELETE_IN_PROGRESS
2026-04-03 23:06:08,350 - INFO - Stack status: DELETE_IN_PROGRESS
2026-04-03 23:06:16,248 - INFO - Stack status: DELETE_IN_PROGRESS
2026-04-03 23:06:27,902 - INFO - Stack deleted successfully
2026-04-03 23:06:27,903 - INFO - Condition met after 24.8s
2026-04-03 23:06:27,903 - INFO - Rollback completed
[32m[2026-04-03 23:06:27 INFO] Experiment ended with status: completed


RETURN CODE: 0