STDOUT:


STDERR:
[32m[2026-04-21 22:13:19 INFO] Validating the experiment's syntax
[32m[2026-04-21 22:13:19 INFO] Experiment looks valid
[32m[2026-04-21 22:13:19 INFO] Running experiment: SCE 1.3 — Reactive: Detect and Respond to Malicious CodeBuild Project Creation
[32m[2026-04-21 22:13:19 INFO] Steady-state strategy: after-method-only
[32m[2026-04-21 22:13:19 INFO] Rollbacks strategy: default
[32m[2026-04-21 22:13:19 INFO] Playing your experiment's method now...
[32m[2026-04-21 22:13:19 INFO] Action: deploy-experiment-stack-and-reactive-control-infrastructure
2026-04-21 22:13:19,983 [INFO] botocore.credentials — Found credentials in shared credentials file: ~/.aws/credentials
2026-04-21 22:13:20,620 [INFO] sce.1_3.reactive — === STEADY STATE — stack: sce-1-3-1776827599 ===
2026-04-21 22:13:21,486 [INFO] sce.1_3.reactive — Stack creation initiated.
2026-04-21 22:13:21,628 [INFO] sce.1_3.reactive — Stack sce-1-3-1776827599 status: CREATE_IN_PROGRESS
2026-04-21 22:13:26,753 [INFO] sce.1_3.reactive — Stack sce-1-3-1776827599 status: CREATE_IN_PROGRESS
2026-04-21 22:13:37,189 [INFO] sce.1_3.reactive — Stack sce-1-3-1776827599 status: CREATE_IN_PROGRESS
2026-04-21 22:13:58,254 [INFO] sce.1_3.reactive — Stack sce-1-3-1776827599 status: CREATE_IN_PROGRESS
2026-04-21 22:14:28,775 [INFO] sce.1_3.reactive — Stack sce-1-3-1776827599 status: CREATE_IN_PROGRESS
2026-04-21 22:14:59,221 [INFO] sce.1_3.reactive — Stack sce-1-3-1776827599 status: CREATE_COMPLETE
2026-04-21 22:14:59,333 [INFO] sce.1_3.reactive — Stack outputs: {'CodeBuildRoleArn': 'arn:aws:iam::941377112071:role/sce-1-3-1776827599-cb-role', 'LambdaReactorArn': 'arn:aws:lambda:us-east-1:941377112071:function:sce-1-3-1776827599-reactor', 'EventRuleArn': 'arn:aws:events:us-east-1:941377112071:rule/sce-1-3-1776827599-cb-create-rule'}
2026-04-21 22:15:00,255 [INFO] sce.1_3.reactive — Lambda reactor source uploaded.
2026-04-21 22:15:10,256 [INFO] sce.1_3.reactive — === STEADY STATE COMPLETE ===
[32m[2026-04-21 22:15:10 INFO] Action: create-malicious-codebuild-project-with-credential-exfiltration-buildspec
2026-04-21 22:15:10,263 [INFO] sce.1_3.reactive — === ATTACK — Create Malicious CodeBuild Project ===
2026-04-21 22:15:11,005 [INFO] sce.1_3.reactive — Malicious CodeBuild project created — ARN: arn:aws:codebuild:us-east-1:941377112071:project/sce-1-3-1776827599-malicious
[32m[2026-04-21 22:15:11 INFO] Steady state hypothesis: Reactive control infrastructure is deployed and the malicious CodeBuild project does not exist prior to the attack
[32m[2026-04-21 22:15:11 INFO] Probe: verify-reactive-control-fired-and-project-deleted
2026-04-21 22:15:11,010 [INFO] sce.1_3.reactive — === HYPOTHESIS VERIFICATION ===
2026-04-21 22:15:11,015 [INFO] sce.1_3.reactive — Invoking Lambda reactor directly …
2026-04-21 22:15:14,393 [INFO] sce.1_3.reactive — Lambda invocation status: 200, payload: {'status': 'ok', 'project_deleted': 'sce-1-3-1776827599-malicious'}
2026-04-21 22:15:14,892 [INFO] sce.1_3.reactive — CloudWatch metric datapoints: []
2026-04-21 22:15:14,892 [INFO] sce.1_3.reactive — Metric not yet visible — retrying in 10s …
2026-04-21 22:15:25,376 [INFO] sce.1_3.reactive — CloudWatch metric datapoints: [{'Timestamp': datetime.datetime(2026, 4, 22, 3, 15, tzinfo=tzutc()), 'Sum': 2.0, 'Unit': 'Count'}]
2026-04-21 22:15:25,376 [INFO] sce.1_3.reactive — ✓ Reactor metric confirmed in CloudWatch.
2026-04-21 22:15:25,814 [INFO] sce.1_3.reactive — ✓ Malicious project 'sce-1-3-1776827599-malicious' no longer exists.
2026-04-21 22:15:25,814 [INFO] sce.1_3.reactive — === VERIFICATION RESULT: metric=True project_deleted=True ===
[32m[2026-04-21 22:15:25 INFO] Steady state hypothesis is met!
[32m[2026-04-21 22:15:25 INFO] Let's rollback...
[32m[2026-04-21 22:15:25 INFO] Rollback: delete-cloudformation-stack-and-all-experiment-resources
[32m[2026-04-21 22:15:25 INFO] Action: delete-cloudformation-stack-and-all-experiment-resources
2026-04-21 22:15:25,820 [INFO] sce.1_3.reactive — === ROLLBACK — stack: sce-1-3-1776827599 ===
2026-04-21 22:15:26,885 [INFO] sce.1_3.reactive — Delete initiated for stack sce-1-3-1776827599.
2026-04-21 22:15:27,017 [INFO] sce.1_3.reactive — Stack sce-1-3-1776827599 status: DELETE_IN_PROGRESS
2026-04-21 22:15:32,145 [INFO] sce.1_3.reactive — Stack sce-1-3-1776827599 status: DELETE_IN_PROGRESS
2026-04-21 22:15:42,656 [INFO] sce.1_3.reactive — Stack sce-1-3-1776827599 status: DELETE_IN_PROGRESS
2026-04-21 22:16:03,097 [INFO] sce.1_3.reactive — Stack sce-1-3-1776827599 status: DELETE_IN_PROGRESS
2026-04-21 22:16:33,560 [INFO] sce.1_3.reactive — Stack deleted successfully.
2026-04-21 22:16:33,560 [INFO] sce.1_3.reactive — === ROLLBACK COMPLETE ===
[32m[2026-04-21 22:16:33 INFO] Experiment ended with status: completed


RETURN CODE: 0