STDOUT:


STDERR:
[32m[2026-03-17 17:36:52 INFO] Validating the experiment's syntax
[32m[2026-03-17 17:36:52 INFO] Experiment looks valid
[32m[2026-03-17 17:36:52 INFO] Running experiment: SCE 2.3 Reactive Probe — IMDS Weakening and Credential Harvest Remediation Chain (High-Fidelity)
[32m[2026-03-17 17:36:52 INFO] Steady-state strategy: after-method-only
[32m[2026-03-17 17:36:52 INFO] Rollbacks strategy: default
[32m[2026-03-17 17:36:52 INFO] Playing your experiment's method now...
[32m[2026-03-17 17:36:52 INFO] Action: provision-vpc-ec2-lambda-eventbridge-sns-sqs-iam-ssm-via-cloudformation
2026-03-17T17:36:52Z  INFO      ====================================================================
2026-03-17T17:36:52Z  INFO      steady_state() — stack: sce-experiment-1773765412
2026-03-17T17:36:52Z  INFO      ====================================================================
2026-03-17T17:36:52Z  INFO      Found credentials in shared credentials file: ~/.aws/credentials
2026-03-17T17:36:54Z  INFO      Resolved AMI: ami-02dfbd4ff395f2a1b
2026-03-17T17:36:54Z  INFO      Found credentials in shared credentials file: ~/.aws/credentials
2026-03-17T17:36:55Z  INFO      Found credentials in shared credentials file: ~/.aws/credentials
2026-03-17T17:36:56Z  INFO      Stack creation initiated.
2026-03-17T17:36:56Z  INFO      Waiting for stack 'sce-experiment-1773765412' → CREATE_COMPLETE …
2026-03-17T17:36:56Z  INFO        Stack status: CREATE_IN_PROGRESS
2026-03-17T17:37:12Z  INFO        Stack status: CREATE_IN_PROGRESS
2026-03-17T17:37:28Z  INFO        Stack status: CREATE_IN_PROGRESS
2026-03-17T17:37:44Z  INFO        Stack status: CREATE_IN_PROGRESS
2026-03-17T17:38:00Z  INFO        Stack status: CREATE_IN_PROGRESS
2026-03-17T17:38:16Z  INFO        Stack status: CREATE_IN_PROGRESS
2026-03-17T17:38:32Z  INFO        Stack status: CREATE_IN_PROGRESS
2026-03-17T17:38:47Z  INFO        Stack status: CREATE_IN_PROGRESS
2026-03-17T17:39:03Z  INFO        Stack status: CREATE_IN_PROGRESS
2026-03-17T17:39:19Z  INFO        Stack status: CREATE_IN_PROGRESS
2026-03-17T17:39:35Z  INFO        Stack status: CREATE_IN_PROGRESS
2026-03-17T17:39:51Z  INFO        Stack status: CREATE_IN_PROGRESS
2026-03-17T17:40:07Z  INFO        Stack status: CREATE_IN_PROGRESS
2026-03-17T17:40:22Z  INFO        Stack status: CREATE_IN_PROGRESS
2026-03-17T17:40:38Z  INFO        Stack status: CREATE_IN_PROGRESS
2026-03-17T17:40:54Z  INFO        Stack status: CREATE_IN_PROGRESS
2026-03-17T17:41:10Z  INFO        Stack status: CREATE_IN_PROGRESS
2026-03-17T17:41:25Z  INFO        Stack status: CREATE_IN_PROGRESS
2026-03-17T17:41:41Z  INFO        Stack status: CREATE_IN_PROGRESS
2026-03-17T17:41:57Z  INFO        Stack status: CREATE_IN_PROGRESS
2026-03-17T17:42:13Z  INFO        Stack status: CREATE_IN_PROGRESS
2026-03-17T17:42:29Z  INFO        Stack status: CREATE_IN_PROGRESS
2026-03-17T17:42:44Z  INFO        Stack status: CREATE_IN_PROGRESS
2026-03-17T17:43:00Z  INFO        Stack status: CREATE_IN_PROGRESS
2026-03-17T17:43:16Z  INFO        Stack status: CREATE_IN_PROGRESS
2026-03-17T17:43:32Z  INFO        Stack status: CREATE_IN_PROGRESS
2026-03-17T17:43:47Z  INFO        Stack status: CREATE_COMPLETE
2026-03-17T17:43:48Z  INFO      Stack outputs collected: {
  "stack_name": "sce-experiment-1773765412",
  "suffix": "1773765412",
  "instance_id": "i-05f44ce644ad68f45",
  "instance_role_name": "SCEInstanceRole-1773765412",
  "remediation_fn_name": "SCERemediation-1773765412",
  "imds_probe_fn_name": "SCEIMDSProbe-1773765412",
  "harvest_param_name": "/sce/2-3/1773765412/harvest_signal",
  "done_param_name": "/sce/2-3/1773765412/remediation_done",
  "deny_policy_name": "SCEDenyAll-1773765412",
  "alert_queue_url": "https://sqs.us-east-1.amazonaws.com/396608802942/SCEAlertQueue-1773765412"
}
2026-03-17T17:43:48Z  INFO      Waiting 45s for IAM propagation + EC2 IMDS readiness …
2026-03-17T17:44:33Z  INFO      steady_state() complete.
[32m[2026-03-17 17:44:33 INFO] Action: execute-attack-1.2-modify-imds-options-and-2.2-harvest-credentials-via-imds-probe-lambda
2026-03-17T17:44:33Z  INFO      ====================================================================
2026-03-17T17:44:33Z  INFO      attack()
2026-03-17T17:44:33Z  INFO      ====================================================================
2026-03-17T17:44:33Z  INFO      Found credentials in shared credentials file: ~/.aws/credentials
2026-03-17T17:44:33Z  INFO      Found credentials in shared credentials file: ~/.aws/credentials
2026-03-17T17:44:33Z  INFO      [1.2] T1578 — ModifyInstanceMetadataOptions on instance i-05f44ce644ad68f45 (HttpTokens=optional, HopLimit=2) …
2026-03-17T17:44:34Z  INFO      [1.2] IMDS options modified: HttpTokens=optional, HopLimit=2
2026-03-17T17:44:39Z  INFO      [2.2] T1552.005 — Invoking IMDSProbe Lambda 'SCEIMDSProbe-1773765412' to curl IMDS without session token …
2026-03-17T17:44:43Z  INFO      [2.2] IMDSProbe result payload: {"harvest": "blocked::<urlopen error [Errno 111] Connection refused>"}
2026-03-17T17:44:43Z  INFO      [2.2] IMDSProbe Lambda tail log:
START RequestId: db21497d-a696-4b9e-b4d7-a23081bdadbe Version: $LATEST
END RequestId: db21497d-a696-4b9e-b4d7-a23081bdadbe
REPORT RequestId: db21497d-a696-4b9e-b4d7-a23081bdadbe	Duration: 2743.60 ms	Billed Duration: 3073 ms	Memory Size: 128 MB	Max Memory Used: 88 MB	Init Duration: 329.16 ms	

2026-03-17T17:44:43Z  WARNING   [2.2] IMDS probe was BLOCKED (unexpected for reactive test): blocked::<urlopen error [Errno 111] Connection refused>
2026-03-17T17:44:43Z  INFO      attack() complete.
[32m[2026-03-17 17:44:43 INFO] Steady state hypothesis: Reactive remediation chain invalidates stolen EC2 instance-role credentials within SLA after real IMDS weakening and credential harvest
[32m[2026-03-17 17:44:43 INFO] Probe: verify-all-four-reactive-sub-checks-pass-lambda-policy-simulation-and-sqs-notification
2026-03-17T17:44:43Z  INFO      ====================================================================
2026-03-17T17:44:43Z  INFO      hypothesis_verification() — Reactive Probe
2026-03-17T17:44:43Z  INFO      ====================================================================
2026-03-17T17:44:43Z  INFO      Found credentials in shared credentials file: ~/.aws/credentials
2026-03-17T17:44:43Z  INFO      Found credentials in shared credentials file: ~/.aws/credentials
2026-03-17T17:44:43Z  INFO      Found credentials in shared credentials file: ~/.aws/credentials
2026-03-17T17:44:44Z  INFO      Found credentials in shared credentials file: ~/.aws/credentials
2026-03-17T17:44:44Z  INFO      (a) Polling remediation_done param '/sce/2-3/1773765412/remediation_done' for up to 120s …
2026-03-17T17:45:26Z  INFO        (a) PASS — remediation_done='true' after ~42s (SLA target: 120s / 5-min goal).
2026-03-17T17:45:26Z  INFO      (b) Verifying deny-all inline policy 'SCEDenyAll-1773765412' on role 'SCEInstanceRole-1773765412' …
2026-03-17T17:45:26Z  INFO        (b) Policy document retrieved:
{
    "Version": "2012-10-17",
    "Statement": [
        {
            "Sid": "SCEDenyAll",
            "Effect": "Deny",
            "Action": "*",
            "Resource": "*"
        }
    ]
}
2026-03-17T17:45:26Z  INFO        (b) PASS — Deny-all statement validated.
2026-03-17T17:45:26Z  INFO      (c) IAM policy simulation — confirming effective DENY on role …
2026-03-17T17:45:27Z  INFO        (c) sts:GetCallerIdentity                          → explicitDeny
2026-03-17T17:45:27Z  INFO        (c) s3:GetObject                                   → explicitDeny
2026-03-17T17:45:27Z  INFO        (c) secretsmanager:GetSecretValue                  → explicitDeny
2026-03-17T17:45:27Z  INFO        (c) ec2:DescribeInstances                          → explicitDeny
2026-03-17T17:45:27Z  INFO        (c) iam:ListRoles                                  → explicitDeny
2026-03-17T17:45:27Z  INFO        (c) PASS — All 5 simulated actions are denied after inline deny policy attachment.
2026-03-17T17:45:27Z  INFO      (d) Checking SQS alert queue 'https://sqs.us-east-1.amazonaws.com/396608802942/SCEAlertQueue-1773765412' for SNS notification message …
2026-03-17T17:45:28Z  INFO        (d) SQS message received — Subject: '[SCE-2.3] Credential Harvest Detected — Role Revoked'
2026-03-17T17:45:28Z  INFO        (d) SQS message body (SNS notification):
{
    "experiment": "sce-2.3-reactive",
    "action": "deny-all-policy-attached",
    "role": "SCEInstanceRole-1773765412",
    "policy": "SCEDenyAll-1773765412"
}
2026-03-17T17:45:28Z  INFO        (d) PASS — SNS pager-notification message confirmed in SQS queue.
2026-03-17T17:45:28Z  INFO      --------------------------------------------------------------------
2026-03-17T17:45:28Z  INFO      hypothesis_verification() PASSED ✅
2026-03-17T17:45:28Z  INFO        (a) Lambda fired within SLA   : PASS
2026-03-17T17:45:28Z  INFO        (b) Deny-all policy attached   : PASS
2026-03-17T17:45:28Z  INFO        (c) Effective DENY via sim     : PASS
2026-03-17T17:45:28Z  INFO        (d) SNS pager notification     : PASS
2026-03-17T17:45:28Z  INFO      --------------------------------------------------------------------
[32m[2026-03-17 17:45:28 INFO] Steady state hypothesis is met!
[32m[2026-03-17 17:45:28 INFO] Let's rollback...
[32m[2026-03-17 17:45:28 INFO] Rollback: remove-inline-deny-policy-delete-ssm-params-and-destroy-cloudformation-stack
[32m[2026-03-17 17:45:28 INFO] Action: remove-inline-deny-policy-delete-ssm-params-and-destroy-cloudformation-stack
2026-03-17T17:45:28Z  INFO      ====================================================================
2026-03-17T17:45:28Z  INFO      rollback()
2026-03-17T17:45:28Z  INFO      ====================================================================
2026-03-17T17:45:28Z  INFO      Found credentials in shared credentials file: ~/.aws/credentials
2026-03-17T17:45:29Z  INFO      Removed inline deny policy 'SCEDenyAll-1773765412' from role 'SCEInstanceRole-1773765412'.
2026-03-17T17:45:29Z  INFO      Found credentials in shared credentials file: ~/.aws/credentials
2026-03-17T17:45:30Z  INFO      Deleted SSM parameter '/sce/2-3/1773765412/remediation_done'.
2026-03-17T17:45:30Z  INFO      Found credentials in shared credentials file: ~/.aws/credentials
2026-03-17T17:45:31Z  INFO      Stack deletion initiated: 'sce-experiment-1773765412'.
2026-03-17T17:45:31Z  INFO      Waiting for stack 'sce-experiment-1773765412' → DELETE_COMPLETE …
2026-03-17T17:45:32Z  INFO        Stack status: DELETE_IN_PROGRESS
2026-03-17T17:45:47Z  INFO        Stack status: DELETE_IN_PROGRESS
2026-03-17T17:46:03Z  INFO        Stack status: DELETE_IN_PROGRESS
2026-03-17T17:46:18Z  INFO        Stack status: DELETE_IN_PROGRESS
2026-03-17T17:46:34Z  INFO        Stack status: DELETE_IN_PROGRESS
2026-03-17T17:46:50Z  INFO        Stack status: DELETE_IN_PROGRESS
2026-03-17T17:47:06Z  INFO        Stack status: DELETE_IN_PROGRESS
2026-03-17T17:47:21Z  INFO        Stack status: DELETE_IN_PROGRESS
2026-03-17T17:47:37Z  INFO        Stack status: DELETE_IN_PROGRESS
2026-03-17T17:47:53Z  INFO        Stack status: DELETE_IN_PROGRESS
2026-03-17T17:48:08Z  INFO        Stack status: DELETE_IN_PROGRESS
2026-03-17T17:48:24Z  INFO        Stack status: DELETE_IN_PROGRESS
2026-03-17T17:48:40Z  INFO        Stack status: DELETE_IN_PROGRESS
2026-03-17T17:48:56Z  INFO        Stack status: DELETE_IN_PROGRESS
2026-03-17T17:49:12Z  INFO        Stack status: DELETE_IN_PROGRESS
2026-03-17T17:49:27Z  INFO        Stack status: DELETE_IN_PROGRESS
2026-03-17T17:49:43Z  INFO        Stack status: DELETE_IN_PROGRESS
2026-03-17T17:49:59Z  INFO      Stack 'sce-experiment-1773765412' no longer exists — deletion complete.
2026-03-17T17:49:59Z  INFO      Stack 'sce-experiment-1773765412' deleted successfully.
[32m[2026-03-17 17:49:59 INFO] Experiment ended with status: completed


RETURN CODE: 0