STDOUT:


STDERR:
[32m[2026-03-17 13:23:16 INFO] Validating the experiment's syntax
[32m[2026-03-17 13:23:16 INFO] Experiment looks valid
[32m[2026-03-17 13:23:16 INFO] Running experiment: SCE 1.5 Reactive Probe - IMDS Protection Weakening Auto-Remediation via EventBridge + Lambda
[32m[2026-03-17 13:23:16 INFO] Steady-state strategy: after-method-only
[32m[2026-03-17 13:23:16 INFO] Rollbacks strategy: default
[32m[2026-03-17 13:23:16 INFO] Playing your experiment's method now...
[32m[2026-03-17 13:23:16 INFO] Action: Create S3 bucket outside CFN with UUID suffix, upload Lambda ZIP, provision CloudFormation stack with EC2 instance, attacker IAM role, Lambda reactive function, EventBridge rule, CloudTrail trail, SNS topic, and SQS queue
2026-03-17T13:23:16Z [INFO] sce.1_5.reactive - === steady_state() -- stack: sce-experiment-1773750196-a42c3b1d ===
2026-03-17T13:23:16Z [INFO] sce.1_5.reactive - Unique suffix: 1773750196-a42c3b1d
2026-03-17T13:23:16Z [INFO] sce.1_5.reactive - AWS region: us-east-1
2026-03-17T13:23:16Z [INFO] sce.1_5.reactive - Running pre-flight permission checks ...
2026-03-17T13:23:16Z [INFO] botocore.credentials - Found credentials in shared credentials file: ~/.aws/credentials
2026-03-17T13:23:17Z [INFO] sce.1_5.reactive - Deploying principal: arn:aws:iam::396608802942:user/ChaosXploit-Labs
2026-03-17T13:23:18Z [INFO] sce.1_5.reactive - Pre-flight: all permissions appear allowed.
2026-03-17T13:23:18Z [INFO] sce.1_5.reactive - Resolving latest AL2023 AMI via SSM parameter '/aws/service/ami-amazon-linux-latest/al2023-ami-kernel-default-x86_64' ...
2026-03-17T13:23:18Z [INFO] sce.1_5.reactive - Resolved AMI ID: ami-02dfbd4ff395f2a1b
2026-03-17T13:23:19Z [INFO] sce.1_5.reactive - Account: 396608802942
2026-03-17T13:23:19Z [INFO] sce.1_5.reactive - Creating S3 bucket 'sce-react-1773750196-a42c3b1d' in region 'us-east-1' ...
2026-03-17T13:23:19Z [INFO] sce.1_5.reactive - S3 bucket 'sce-react-1773750196-a42c3b1d' created.
2026-03-17T13:23:19Z [INFO] sce.1_5.reactive - Versioning enabled on bucket 'sce-react-1773750196-a42c3b1d'.
2026-03-17T13:23:19Z [INFO] sce.1_5.reactive - Packaging Lambda ZIP and uploading to s3://sce-react-1773750196-a42c3b1d/lambda/handler-1773750196-a42c3b1d.zip ...
2026-03-17T13:23:20Z [INFO] sce.1_5.reactive - Lambda package uploaded: s3://sce-react-1773750196-a42c3b1d/lambda/handler-1773750196-a42c3b1d.zip (1347 bytes).
2026-03-17T13:23:20Z [INFO] sce.1_5.reactive - Validating CFN template string encoding ...
2026-03-17T13:23:20Z [INFO] sce.1_5.reactive - Template validation passed -- all strings are ASCII-safe.
2026-03-17T13:23:20Z [INFO] sce.1_5.reactive - Creating CloudFormation stack 'sce-experiment-1773750196-a42c3b1d' ...
2026-03-17T13:23:21Z [INFO] sce.1_5.reactive - Waiting for CFN waiter 'stack_create_complete' on stack 'sce-experiment-1773750196-a42c3b1d' ...
2026-03-17T13:26:28Z [INFO] sce.1_5.reactive - CFN waiter 'stack_create_complete' completed for 'sce-experiment-1773750196-a42c3b1d'.
2026-03-17T13:26:28Z [INFO] sce.1_5.reactive - Stack outputs: {'SqsQueueUrl': 'https://sqs.us-east-1.amazonaws.com/396608802942/sce-queue-1773750196-a42c3b1d', 'AttackerRoleArn': 'arn:aws:iam::396608802942:role/sce-attacker-role-1773750196-a42c3b1d', 'InstanceId': 'i-09adf0d2ec09cea6f', 'TrailName': 'sce-trail-1773750196-a42c3b1d', 'AttackerRoleName': 'sce-attacker-role-1773750196-a42c3b1d'}
2026-03-17T13:26:28Z [INFO] sce.1_5.reactive - Outputs validated -- InstanceId=i-09adf0d2ec09cea6f AttackerRoleName=sce-attacker-role-1773750196-a42c3b1d TrailName=sce-trail-1773750196-a42c3b1d
2026-03-17T13:26:29Z [INFO] sce.1_5.reactive - Baseline: IMDSv2 enforced on instance i-09adf0d2ec09cea6f.
2026-03-17T13:26:29Z [INFO] sce.1_5.reactive - Baseline: CloudTrail trail 'sce-trail-1773750196-a42c3b1d' is logging.
2026-03-17T13:26:30Z [INFO] sce.1_5.reactive - Baseline: SQS queue is empty.
2026-03-17T13:26:30Z [INFO] sce.1_5.reactive - steady_state() complete.
[32m[2026-03-17 13:26:30 INFO] Action: Assume attacker role and call ec2:ModifyInstanceMetadataOptions to downgrade IMDS to IMDSv1 generating a CloudTrail event that triggers the EventBridge Lambda reactive pipeline
2026-03-17T13:26:30Z [INFO] sce.1_5.reactive - === attack() -- role: arn:aws:iam::396608802942:role/sce-attacker-role-1773750196-a42c3b1d ===
2026-03-17T13:26:31Z [INFO] sce.1_5.reactive - Assumed AttackerRole. Session: AROAVYV52CB7NYI7DAGBP:sce-attack-1773750196-a42c3b1d
2026-03-17T13:26:31Z [INFO] sce.1_5.reactive - Calling ModifyInstanceMetadataOptions on instance i-09adf0d2ec09cea6f (http_tokens=optional, hop_limit=2) -- reactive pipeline should fire within 90s SLA ...
2026-03-17T13:26:32Z [INFO] sce.1_5.reactive - ModifyInstanceMetadataOptions succeeded (HTTP 200). CloudTrail event generated. Lambda reactive pipeline firing.
2026-03-17T13:26:32Z [INFO] sce.1_5.reactive - attack() complete. Waiting 15s for CloudTrail delivery + EventBridge propagation + Lambda cold start ...
[32m[2026-03-17 13:26:47 INFO] Steady state hypothesis: EC2 instance has IMDSv2 enforced, EventBridge rule ENABLED, SQS queue empty, CloudTrail logging, and attacker role has no deny-all policy before attack
[32m[2026-03-17 13:26:47 INFO] Probe: Verify Lambda re-hardened IMDS (H1), applied deny-all to attacker role (H2), and published SNS notification (H3) within 90-second reactive SLA
2026-03-17T13:26:47Z [INFO] sce.1_5.reactive - === hypothesis_verification() ===
2026-03-17T13:26:47Z [INFO] sce.1_5.reactive - Starting unified round-robin H1/H2/H3 polling loop. SLA: 90 seconds from now.
2026-03-17T13:26:49Z [INFO] sce.1_5.reactive - [H2] PASS -- Deny-all policy 'SCE-REACTIVE-DENY-ALL' found on role 'sce-attacker-role-1773750196-a42c3b1d' 15.9s after attack.
2026-03-17T13:26:50Z [INFO] sce.1_5.reactive - [H3] PASS -- Reactive SNS notification received 15.9s after attack. Actions: ['IMDS_REHARDENED', 'DENY_ALL_POLICY_APPLIED']
2026-03-17T13:28:17Z [ERROR] sce.1_5.reactive - [H1] FAIL -- IMDS NOT re-hardened within 90s SLA. Final state: HttpTokens=optional HopLimit=2. Total elapsed: 106.1s.
2026-03-17T13:28:17Z [ERROR] sce.1_5.reactive - hypothesis_verification() -> FAIL. H1=False H2=True H3=True. Total elapsed: 106.1s.
[31m[2026-03-17 13:28:17 CRITICAL] Steady state probe 'Verify Lambda re-hardened IMDS (H1), applied deny-all to attacker role (H2), and published SNS notification (H3) within 90-second reactive SLA' is not in the given tolerance so failing this experiment
[32m[2026-03-17 13:28:17 INFO] Let's rollback...
[32m[2026-03-17 13:28:17 INFO] Rollback: Remove deny-all inline policy from attacker role, delete CloudFormation stack, then empty and delete the S3 bucket
[32m[2026-03-17 13:28:17 INFO] Action: Remove deny-all inline policy from attacker role, delete CloudFormation stack, then empty and delete the S3 bucket
2026-03-17T13:28:17Z [INFO] sce.1_5.reactive - === rollback() -- stack: 'sce-experiment-1773750196-a42c3b1d' ===
2026-03-17T13:28:18Z [INFO] sce.1_5.reactive - Removed deny-all inline policy from role 'sce-attacker-role-1773750196-a42c3b1d'.
2026-03-17T13:28:19Z [INFO] sce.1_5.reactive - Stack 'sce-experiment-1773750196-a42c3b1d' status: CREATE_COMPLETE
2026-03-17T13:28:19Z [INFO] sce.1_5.reactive - Stack deletion initiated for 'sce-experiment-1773750196-a42c3b1d'.
2026-03-17T13:28:19Z [INFO] sce.1_5.reactive - Waiting for CFN waiter 'stack_delete_complete' on stack 'sce-experiment-1773750196-a42c3b1d' ...
2026-03-17T13:30:46Z [INFO] sce.1_5.reactive - CFN waiter 'stack_delete_complete' completed for 'sce-experiment-1773750196-a42c3b1d'.
2026-03-17T13:30:46Z [INFO] sce.1_5.reactive - Stack 'sce-experiment-1773750196-a42c3b1d' deleted.
2026-03-17T13:30:46Z [INFO] sce.1_5.reactive - Emptying and deleting S3 bucket 'sce-react-1773750196-a42c3b1d' ...
2026-03-17T13:30:47Z [INFO] sce.1_5.reactive - S3 bucket 'sce-react-1773750196-a42c3b1d' deleted.
2026-03-17T13:30:47Z [INFO] sce.1_5.reactive - rollback() complete.
[32m[2026-03-17 13:30:47 INFO] Experiment ended with status: deviated
[32m[2026-03-17 13:30:47 INFO] The steady-state has deviated, a weakness may have been discovered


RETURN CODE: 1