STDOUT:


STDERR:
[32m[2026-02-10 17:16:52 INFO] Validating the experiment's syntax
[32m[2026-02-10 17:16:52 INFO] Experiment looks valid
[32m[2026-02-10 17:16:52 INFO] Running experiment: SCE Experiment 3.5 - Reactive Probe: Credential Exfiltration Response
[32m[2026-02-10 17:16:52 INFO] Steady-state strategy: after-method-only
[32m[2026-02-10 17:16:52 INFO] Rollbacks strategy: default
[32m[2026-02-10 17:16:52 INFO] Playing your experiment's method now...
[32m[2026-02-10 17:16:52 INFO] Action: deploy-ec2-instance-with-iam-role
2026-02-10 17:16:52,829 - INFO - ======================================================================
2026-02-10 17:16:52,830 - INFO - SCE Experiment 3.5 - Reactive Probe - Steady State Setup
2026-02-10 17:16:52,831 - INFO - ======================================================================
2026-02-10 17:16:52,848 - INFO - Timestamp: 1770740212
2026-02-10 17:16:52,850 - INFO - Stack: sce-3-5-1770740212
2026-02-10 17:16:52,851 - INFO - Region: us-east-1
2026-02-10 17:16:52,860 - INFO - Found credentials in shared credentials file: ~/.aws/credentials
2026-02-10 17:16:53,744 - INFO - Found default VPC: vpc-00bd1a657644bac9b
2026-02-10 17:16:53,970 - INFO - Found subnet: subnet-06b56f5ac9577b83a
2026-02-10 17:16:54,820 - INFO - Creating CloudFormation stack (should take 3-5 minutes)...
2026-02-10 17:16:55,315 - INFO - Stack status: CREATE_IN_PROGRESS
2026-02-10 17:19:32,970 - INFO - Stack status: ROLLBACK_IN_PROGRESS
2026-02-10 17:22:21,118 - INFO - Stack status: ROLLBACK_COMPLETE
2026-02-10 17:22:21,118 - ERROR - Stack reached failed state: ROLLBACK_COMPLETE
[31m[2026-02-10 17:22:21 ERROR]   => failed: RuntimeError: Stack sce-3-5-1770740212 failed to create
[32m[2026-02-10 17:22:21 INFO] Action: execute-credential-exfiltration-attack-chain
2026-02-10 17:22:21,379 - INFO - ======================================================================
2026-02-10 17:22:21,380 - INFO - SCE Experiment 3.5 - Executing Attack Chain
2026-02-10 17:22:21,380 - INFO - ======================================================================
2026-02-10 17:22:21,381 - ERROR - Infrastructure not ready
[32m[2026-02-10 17:22:21 INFO] Steady state hypothesis: Reactive Controls Revoke Exfiltrated Credentials
[32m[2026-02-10 17:22:21 INFO] Probe: verify-credential-revocation-response
2026-02-10 17:22:21,389 - INFO - ======================================================================
2026-02-10 17:22:21,389 - INFO - SCE Experiment 3.5 - Hypothesis Verification
2026-02-10 17:22:21,389 - INFO - Reactive Probe: Credential Exfiltration Response
2026-02-10 17:22:21,389 - INFO - ======================================================================
2026-02-10 17:22:21,389 - ERROR - Infrastructure not ready
[31m[2026-02-10 17:22:21 CRITICAL] Steady state probe 'verify-credential-revocation-response' is not in the given tolerance so failing this experiment
[32m[2026-02-10 17:22:21 INFO] Let's rollback...
[32m[2026-02-10 17:22:21 INFO] Rollback: cleanup-test-infrastructure-and-policies
[32m[2026-02-10 17:22:21 INFO] Action: cleanup-test-infrastructure-and-policies
2026-02-10 17:22:21,390 - INFO - ======================================================================
2026-02-10 17:22:21,390 - INFO - SCE Experiment 3.5 - Rollback
2026-02-10 17:22:21,390 - INFO - ======================================================================
2026-02-10 17:22:21,391 - INFO - Deleting stack: sce-3-5-1770740212
2026-02-10 17:22:22,175 - INFO - Stack deletion initiated
2026-02-10 17:22:22,311 - INFO - Stack status: DELETE_IN_PROGRESS
2026-02-10 17:22:32,891 - INFO - Stack deleted successfully
2026-02-10 17:22:32,891 - INFO - ======================================================================
2026-02-10 17:22:32,891 - INFO - Rollback completed
2026-02-10 17:22:32,891 - INFO - ======================================================================
[32m[2026-02-10 17:22:32 INFO] Experiment ended with status: deviated
[32m[2026-02-10 17:22:32 INFO] The steady-state has deviated, a weakness may have been discovered


RETURN CODE: 1