STDOUT:


STDERR:
[32m[2026-04-13 17:20:49 INFO] Validating the experiment's syntax
[32m[2026-04-13 17:20:49 INFO] Experiment looks valid
[32m[2026-04-13 17:20:49 INFO] Running experiment: SCE Experiment 1.3: Preventive Probe - EC2 Reconnaissance Prevention
[32m[2026-04-13 17:20:49 INFO] Steady-state strategy: after-method-only
[32m[2026-04-13 17:20:49 INFO] Rollbacks strategy: default
[32m[2026-04-13 17:20:49 INFO] Playing your experiment's method now...
[32m[2026-04-13 17:20:49 INFO] Action: deploy-preventive-control-infrastructure
[INFO] 2026-04-13 17:20:49 - ============================================================
[INFO] 2026-04-13 17:20:49 - SCE Experiment 1.3 Preventive - Steady State Setup
[INFO] 2026-04-13 17:20:49 - ============================================================
[INFO] 2026-04-13 17:20:49 - Timestamp: 1776093649
[INFO] 2026-04-13 17:20:49 - Stack name: sce-1-3-prev-1776093649
[INFO] 2026-04-13 17:20:49 - Found credentials in shared credentials file: ~/.aws/credentials
[INFO] 2026-04-13 17:20:49 - Account: 396608802942, Region: us-east-1
[INFO] 2026-04-13 17:20:50 - Creating CloudFormation stack...
[INFO] 2026-04-13 17:20:51 - Stack creation initiated
[INFO] 2026-04-13 17:20:51 - Waiting up to 1200s for stack...
[INFO] 2026-04-13 17:20:51 - Stack status: CREATE_IN_PROGRESS
[INFO] 2026-04-13 17:21:06 - Stack status: CREATE_IN_PROGRESS
[INFO] 2026-04-13 17:21:25 - Stack status: CREATE_IN_PROGRESS
[INFO] 2026-04-13 17:21:47 - Stack status: CREATE_COMPLETE
[INFO] 2026-04-13 17:21:47 - Stack creation completed after 4 attempts
[INFO] 2026-04-13 17:21:47 - Role ARN: arn:aws:iam::396608802942:role/sce-role-1776093649
[INFO] 2026-04-13 17:21:47 - External ID: sce-1776093649
[INFO] 2026-04-13 17:21:47 - Waiting 20s for IAM propagation...
[INFO] 2026-04-13 17:22:07 - Verifying role assumability...
[INFO] 2026-04-13 17:22:08 - Role verification completed after 1 attempts
[INFO] 2026-04-13 17:22:08 - ============================================================
[INFO] 2026-04-13 17:22:08 - Steady state setup COMPLETED
[INFO] 2026-04-13 17:22:08 - ============================================================
[32m[2026-04-13 17:22:08 INFO] Action: execute-ec2-reconnaissance-attack
[INFO] 2026-04-13 17:22:08 - ============================================================
[INFO] 2026-04-13 17:22:08 - SCE 1.3 - Attack Node 1.2: EC2 Reconnaissance
[INFO] 2026-04-13 17:22:08 - TTP: T1580 - Cloud Infrastructure Discovery
[INFO] 2026-04-13 17:22:08 - ============================================================
[INFO] 2026-04-13 17:22:08 - Assuming role: arn:aws:iam::396608802942:role/sce-role-1776093649
[INFO] 2026-04-13 17:22:08 - Role assumed successfully
[INFO] 2026-04-13 17:22:08 - Executing: aws ec2 describe-instances
[INFO] 2026-04-13 17:22:08 - Expected: AccessDenied (permission boundary should block)
[INFO] 2026-04-13 17:22:09 - ATTACK BLOCKED - Preventive control WORKED
[INFO] 2026-04-13 17:22:09 - Error: UnauthorizedOperation
[INFO] 2026-04-13 17:22:09 - Duration: 0.75s
[INFO] 2026-04-13 17:22:09 - ============================================================
[INFO] 2026-04-13 17:22:09 - Attack execution completed
[INFO] 2026-04-13 17:22:09 - ============================================================
[32m[2026-04-13 17:22:09 INFO] Steady state hypothesis: Least-privilege IAM permission boundary blocks EC2 reconnaissance
[32m[2026-04-13 17:22:09 INFO] Probe: verify-preventive-control-blocks-reconnaissance
[INFO] 2026-04-13 17:22:09 - ============================================================
[INFO] 2026-04-13 17:22:09 - SCE 1.3 - Hypothesis Verification
[INFO] 2026-04-13 17:22:09 - ============================================================
[INFO] 2026-04-13 17:22:09 - Attack Result: BLOCKED
[INFO] 2026-04-13 17:22:09 - Error Code: UnauthorizedOperation
[INFO] 2026-04-13 17:22:09 - Instances: None
[INFO] 2026-04-13 17:22:09 - ============================================================
[INFO] 2026-04-13 17:22:09 - HYPOTHESIS VERIFIED: Control effective
[INFO] 2026-04-13 17:22:09 - ============================================================
[INFO] 2026-04-13 17:22:09 - Evidence:
[INFO] 2026-04-13 17:22:09 -   - Attack blocked with: UnauthorizedOperation
[INFO] 2026-04-13 17:22:09 -   - No instances disclosed
[INFO] 2026-04-13 17:22:09 -   - Permission boundary working
[32m[2026-04-13 17:22:09 INFO] Steady state hypothesis is met!
[32m[2026-04-13 17:22:09 INFO] Let's rollback...
[32m[2026-04-13 17:22:09 INFO] Rollback: cleanup-experiment-resources
[32m[2026-04-13 17:22:09 INFO] Action: cleanup-experiment-resources
[INFO] 2026-04-13 17:22:09 - ============================================================
[INFO] 2026-04-13 17:22:09 - SCE 1.3 - Rollback / Cleanup
[INFO] 2026-04-13 17:22:09 - ============================================================
[INFO] 2026-04-13 17:22:10 - Deleting stack: sce-1-3-prev-1776093649
[INFO] 2026-04-13 17:22:10 - Deletion initiated
[INFO] 2026-04-13 17:22:10 - Waiting for deletion...
[INFO] 2026-04-13 17:22:33 - Stack deletion completed after 3 attempts
[INFO] 2026-04-13 17:22:33 - ============================================================
[INFO] 2026-04-13 17:22:33 - Cleanup completed
[INFO] 2026-04-13 17:22:33 - ============================================================
[32m[2026-04-13 17:22:33 INFO] Experiment ended with status: completed


RETURN CODE: 0