STDOUT:


STDERR:
[32m[2026-04-14 16:44:32 INFO] Validating the experiment's syntax
[32m[2026-04-14 16:44:32 INFO] Experiment looks valid
[32m[2026-04-14 16:44:32 INFO] Running experiment: SCE 2.4 Preventive Probe: Network Policy Blocking IMDS Access
[32m[2026-04-14 16:44:32 INFO] Steady-state strategy: after-method-only
[32m[2026-04-14 16:44:32 INFO] Rollbacks strategy: default
[32m[2026-04-14 16:44:32 INFO] Playing your experiment's method now...
[32m[2026-04-14 16:44:32 INFO] Action: establish-steady-state-with-ec2-iptables-network-policy-adt-node-2-1
2026-04-14 16:44:32,714 - INFO - ============================================================
2026-04-14 16:44:32,715 - INFO - SCE EXPERIMENT 2.4 - PREVENTIVE PROBE
2026-04-14 16:44:32,716 - INFO - Validating Network Policy Blocking IMDS Access
2026-04-14 16:44:32,716 - INFO - ADT Nodes: Attack 1.3, 2.3 | Defense 2.1, 2.2
2026-04-14 16:44:32,716 - INFO - ============================================================
2026-04-14 16:44:32,755 - INFO - Found credentials in shared credentials file: ~/.aws/credentials
2026-04-14 16:44:33,490 - INFO - Stack sce-experiment-2-4-preventive-1776177872 does not exist. Creating...
2026-04-14 16:44:33,490 - INFO - Creating CloudFormation stack: sce-experiment-2-4-preventive-1776177872
2026-04-14 16:44:34,626 - INFO - Waiting for stack creation to complete...
2026-04-14 16:44:34,779 - INFO - Stack status: CREATE_IN_PROGRESS
2026-04-14 16:44:34,779 - INFO - Stack creation: Waiting 5s before retry (elapsed: 0s, remaining: 1499s)
2026-04-14 16:44:39,922 - INFO - Stack status: CREATE_IN_PROGRESS
2026-04-14 16:44:39,922 - INFO - Stack creation: Waiting 10s before retry (elapsed: 5s, remaining: 1494s)
2026-04-14 16:44:50,451 - INFO - Stack status: CREATE_IN_PROGRESS
2026-04-14 16:44:50,451 - INFO - Stack creation: Waiting 20s before retry (elapsed: 15s, remaining: 1484s)
2026-04-14 16:45:10,980 - INFO - Stack status: CREATE_IN_PROGRESS
2026-04-14 16:45:10,980 - INFO - Stack creation: Waiting 40s before retry (elapsed: 35s, remaining: 1463s)
2026-04-14 16:45:51,550 - INFO - Stack status: CREATE_IN_PROGRESS
2026-04-14 16:45:51,550 - INFO - Stack creation: Waiting 60s before retry (elapsed: 76s, remaining: 1423s)
2026-04-14 16:46:52,106 - INFO - Stack status: CREATE_IN_PROGRESS
2026-04-14 16:46:52,106 - INFO - Stack creation: Waiting 60s before retry (elapsed: 136s, remaining: 1362s)
2026-04-14 16:47:52,708 - INFO - Stack creation: SUCCESS after 197s (attempt 7)
2026-04-14 16:47:52,863 - INFO - EC2 Instance ID: i-0e353aef3c250be2f
2026-04-14 16:47:52,919 - INFO - Waiting for EC2 instance to be in running state...
2026-04-14 16:47:53,524 - INFO - Instance running: SUCCESS after 0s (attempt 1)
2026-04-14 16:47:53,551 - INFO - Waiting for SSM agent to come online...
2026-04-14 16:47:54,078 - INFO - SSM agent online: SUCCESS after 0s (attempt 1)
2026-04-14 16:47:54,078 - INFO - Verifying iptables rules are configured...
2026-04-14 16:47:59,432 - INFO - iptables configuration: SUCCESS after 0s (attempt 1)
2026-04-14 16:47:59,625 - INFO - Baseline IMDS Configuration:
2026-04-14 16:47:59,625 - INFO -   HttpTokens: required
2026-04-14 16:47:59,625 - INFO -   HttpPutResponseHopLimit: 1
2026-04-14 16:47:59,625 - INFO - Steady state established successfully
2026-04-14 16:47:59,625 - INFO - Preventive control: iptables rules blocking IMDS access for UID 1001 (containeruser)
[32m[2026-04-14 16:47:59 INFO] Action: execute-attack-1-3-weaken-imds-and-attack-2-3-container-imds-access
2026-04-14 16:47:59,630 - INFO - ============================================================
2026-04-14 16:47:59,630 - INFO - EXECUTING ATTACKS: 1.3 (Weaken IMDS) + 2.3 (Access IMDS)
2026-04-14 16:47:59,630 - INFO - ============================================================
2026-04-14 16:47:59,648 - INFO - ----------------------------------------
2026-04-14 16:47:59,648 - INFO - ATTACK 1.3: Weaken IMDS Security Configuration
2026-04-14 16:47:59,648 - INFO - TTP: T1562.001 - Impair Defenses: Disable or Modify Tools
2026-04-14 16:47:59,648 - INFO - ----------------------------------------
2026-04-14 16:47:59,648 - INFO - Target instance: i-0e353aef3c250be2f
2026-04-14 16:47:59,648 - INFO - Executing: aws ec2 modify-instance-metadata-options
2026-04-14 16:47:59,648 - INFO -   --http-tokens optional
2026-04-14 16:47:59,648 - INFO -   --http-endpoint enabled
2026-04-14 16:47:59,648 - INFO -   --http-put-response-hop-limit 2
2026-04-14 16:48:00,630 - INFO - Attack 1.3 executed. New IMDS configuration:
2026-04-14 16:48:00,631 - INFO -   HttpTokens: optional
2026-04-14 16:48:00,631 - INFO -   HttpPutResponseHopLimit: 2
2026-04-14 16:48:00,631 - INFO - ----------------------------------------
2026-04-14 16:48:00,631 - INFO - ATTACK 2.3: Access IMDS from Container/Process
2026-04-14 16:48:00,631 - INFO - TTP: T1552.005 - Unsecured Credentials: Cloud Instance Metadata API
2026-04-14 16:48:00,631 - INFO - ----------------------------------------
2026-04-14 16:48:00,631 - INFO - Simulating container process accessing IMDS...
2026-04-14 16:48:00,631 - INFO - Executing: curl http://169.254.169.254/latest/meta-data/ as containeruser (UID 1001)
2026-04-14 16:48:01,216 - INFO - SSM Command ID: cf4ea0df-8b1f-46ef-a48e-542682424115
2026-04-14 16:48:11,401 - INFO - Attack 2.3 output:
=== Attack 2.3: IMDS Access from Container ===

Testing IMDSv1 access as containeruser (UID 1001)...
IMDSv1 Result: 000BLOCKED
Testing IMDSv2 token request as containeruser...
IMDSv2 Result: BLOCKED
ATTACK_2_3_BLOCKED=FALSE

2026-04-14 16:48:11,402 - INFO - Attack 2.3 BLOCKED by preventive control (iptables)
[32m[2026-04-14 16:48:11 INFO] Steady state hypothesis: Network policy blocks container process IMDS access (IMDSv1 and IMDSv2) while allowing root access
[32m[2026-04-14 16:48:11 INFO] Probe: verify-iptables-blocks-containeruser-imds-access-v1-and-v2
2026-04-14 16:48:11,403 - INFO - ============================================================
2026-04-14 16:48:11,403 - INFO - HYPOTHESIS VERIFICATION: Preventive Control Validation
2026-04-14 16:48:11,403 - INFO - ADT Node 2.4: Network Policy blocks container IMDS access
2026-04-14 16:48:11,403 - INFO - ============================================================
2026-04-14 16:48:11,419 - INFO - Verifying IMDS blocking on instance: i-0e353aef3c250be2f
2026-04-14 16:48:11,419 - INFO - SLA: 1800 seconds (30 minutes)
2026-04-14 16:48:12,011 - INFO - Verification command ID: 083326f2-3b00-41ec-8d47-6b84c1e0e7a1
2026-04-14 16:48:27,214 - INFO - Verification output:
=== PREVENTIVE CONTROL VERIFICATION ===
Timestamp: 2026-04-14T14:48:12Z

1. Testing containeruser IMDSv1 access (should be BLOCKED):
   Result: 000BLOCKED
   STATUS: ALLOWED (Preventive control FAILED)
IMDSV1_BLOCKED=FALSE

2. Testing containeruser IMDSv2 token request (should be BLOCKED):
   Result: BLOCKED
   STATUS: BLOCKED (Preventive control working)
IMDSV2_BLOCKED=TRUE

3. Testing root IMDSv2 access (should be ALLOWED):
   Result: 200
   STATUS: ALLOWED (Expected for management)
ROOT_ALLOWED=TRUE

4. Verifying iptables rules:
    8   480 LOG        all  --  *      *       0.0.0.0/0            169.254.169.254      owner UID match 1001 LOG flags 0 level 4 prefix "IMDS_BLOCKED: "
    8   480 REJECT     all  --  *      *       0.0.0.0/0            169.254.169.254      owner UID match 1001 reject-with icmp-port-unreachable
   23  1380 ACCEPT     all  --  *      *       0.0.0.0/0            169.254.169.254      owner UID match 0

5. Checking for blocked attempts in logs:
   Found blocked attempts:
Apr 14 14:48:13 ip-10-0-1-224 kernel: IMDS_BLOCKED: IN= OUT=eth0 SRC=10.0.1.224 DST=169.254.169.254 LEN=60 TOS=0x00 PREC=0x00 TTL=255 ID=41185 DF PROTO=TCP SPT=36850 DPT=80 WINDOW=26883 RES=0x00 SYN URGP=0 
Apr 14 14:48:13 ip-10-0-1-224 kernel: IMDS_BLOCKED: IN= OUT=eth0 SRC=10.0.1.224 DST=169.254.169.254 LEN=60 TOS=0x00 PREC=0x00 TTL=255 ID=10513 DF PROTO=TCP SPT=36858 DPT=80 WINDOW=26883 RES=0x00 SYN URGP=0 
Apr 14 14:48:14 ip-10-0-1-224 kernel: IMDS_BLOCKED: IN= OUT=eth0 SRC=10.0.1.224 DST=169.254.169.254 LEN=60 TOS=0x00 PREC=0x00 TTL=255 ID=10514 DF PROTO=TCP SPT=36858 DPT=80 WINDOW=26883 RES=0x00 SYN URGP=0 
IPTABLES_LOG_FOUND=TRUE

6. Testing hop limit bypass prevention:
   Even with increased hop limit, network policy should block access
   Current iptables blocks at network level regardless of hop limit
HOP_LIMIT_BYPASS_PREVENTED=TRUE

=== VERIFICATION COMPLETE ===

2026-04-14 16:48:27,215 - INFO - ✓ Containeruser IMDSv2 access is BLOCKED
2026-04-14 16:48:27,215 - INFO - ✓ Root IMDS access is ALLOWED (expected)
2026-04-14 16:48:27,215 - INFO - ✓ iptables blocking logs found
2026-04-14 16:48:27,215 - INFO - ✓ Hop limit bypass prevented (defense-in-depth)
2026-04-14 16:48:27,215 - INFO - Preventive control verification: SUCCESS after 0s (attempt 1)
2026-04-14 16:48:27,215 - INFO - ============================================================
2026-04-14 16:48:27,215 - INFO - HYPOTHESIS VERIFIED: Preventive control is working
2026-04-14 16:48:27,215 - INFO - ============================================================
2026-04-14 16:48:27,215 - INFO - Evidence collected:
2026-04-14 16:48:27,215 - INFO -   - Containeruser IMDSv1 blocked: False
2026-04-14 16:48:27,215 - INFO -   - Containeruser IMDSv2 blocked: True
2026-04-14 16:48:27,215 - INFO -   - Root IMDS access allowed: True
2026-04-14 16:48:27,215 - INFO -   - iptables blocking logs present: True
2026-04-14 16:48:27,215 - INFO -   - Hop limit bypass prevented: True
2026-04-14 16:48:27,215 - INFO - 
2026-04-14 16:48:27,215 - INFO - The network policy (iptables) successfully prevents container
2026-04-14 16:48:27,215 - INFO - processes from accessing the IMDS endpoint at 169.254.169.254
2026-04-14 16:48:27,215 - INFO - even after IMDS security was weakened (Attack 1.3)
[32m[2026-04-14 16:48:27 INFO] Steady state hypothesis is met!
[32m[2026-04-14 16:48:27 INFO] Let's rollback...
[32m[2026-04-14 16:48:27 INFO] Rollback: cleanup-cloudformation-stack-and-revert-imds-settings
[32m[2026-04-14 16:48:27 INFO] Action: cleanup-cloudformation-stack-and-revert-imds-settings
2026-04-14 16:48:27,216 - INFO - ============================================================
2026-04-14 16:48:27,216 - INFO - ROLLBACK: Cleaning up experiment resources
2026-04-14 16:48:27,216 - INFO - ============================================================
2026-04-14 16:48:27,226 - INFO - Reverting IMDS settings on instance i-0e353aef3c250be2f...
2026-04-14 16:48:28,585 - INFO - IMDS settings reverted to secure configuration
2026-04-14 16:48:28,585 - INFO - Deleting CloudFormation stack: sce-experiment-2-4-preventive-1776177872
2026-04-14 16:48:29,462 - INFO - Stack deletion in progress. Status: DELETE_IN_PROGRESS
2026-04-14 16:48:29,462 - INFO - Stack deletion: Waiting 5s before retry (elapsed: 0s, remaining: 1199s)
2026-04-14 16:48:34,605 - INFO - Stack deletion in progress. Status: DELETE_IN_PROGRESS
2026-04-14 16:48:34,605 - INFO - Stack deletion: Waiting 10s before retry (elapsed: 5s, remaining: 1194s)
2026-04-14 16:48:45,150 - INFO - Stack deletion in progress. Status: DELETE_IN_PROGRESS
2026-04-14 16:48:45,150 - INFO - Stack deletion: Waiting 20s before retry (elapsed: 15s, remaining: 1184s)
2026-04-14 16:49:05,724 - INFO - Stack deletion in progress. Status: DELETE_IN_PROGRESS
2026-04-14 16:49:05,724 - INFO - Stack deletion: Waiting 40s before retry (elapsed: 35s, remaining: 1163s)
2026-04-14 16:49:46,292 - INFO - Stack deletion in progress. Status: DELETE_IN_PROGRESS
2026-04-14 16:49:46,292 - INFO - Stack deletion: Waiting 60s before retry (elapsed: 76s, remaining: 1123s)
2026-04-14 16:50:47,916 - INFO - Stack deletion in progress. Status: DELETE_IN_PROGRESS
2026-04-14 16:50:47,916 - INFO - Stack deletion: Waiting 60s before retry (elapsed: 136s, remaining: 1061s)
2026-04-14 16:51:49,519 - INFO - Stack deletion in progress. Status: DELETE_IN_PROGRESS
2026-04-14 16:51:49,519 - INFO - Stack deletion: Waiting 60s before retry (elapsed: 198s, remaining: 999s)
2026-04-14 16:52:50,092 - INFO - Stack deletion: SUCCESS after 260s (attempt 8)
2026-04-14 16:52:50,092 - INFO - Stack deleted successfully
[32m[2026-04-14 16:52:50 INFO] Experiment ended with status: completed


RETURN CODE: 0