STDOUT:


STDERR:
[32m[2026-03-17 12:53:29 INFO] Validating the experiment's syntax
[32m[2026-03-17 12:53:29 INFO] Experiment looks valid
[32m[2026-03-17 12:53:29 INFO] Running experiment: SCE 1.5 Reactive Probe - IMDS Protection Weakening Auto-Remediation via EventBridge + Lambda
[32m[2026-03-17 12:53:29 INFO] Steady-state strategy: after-method-only
[32m[2026-03-17 12:53:29 INFO] Rollbacks strategy: default
[32m[2026-03-17 12:53:29 INFO] Playing your experiment's method now...
[32m[2026-03-17 12:53:29 INFO] Action: Create S3 bucket outside CFN, upload Lambda ZIP, provision CloudFormation stack with EC2 instance, attacker IAM role, Lambda reactive function, EventBridge rule, CloudTrail trail, SNS topic, and SQS queue
2026-03-17T12:53:29Z [INFO] sce.1_5.reactive - === steady_state() -- stack: sce-experiment-1773748409-8ca025f6 ===
2026-03-17T12:53:29Z [INFO] sce.1_5.reactive - Unique suffix: 1773748409-8ca025f6
2026-03-17T12:53:29Z [INFO] sce.1_5.reactive - AWS region: us-east-1
2026-03-17T12:53:29Z [INFO] sce.1_5.reactive - Running pre-flight permission checks ...
2026-03-17T12:53:29Z [INFO] botocore.credentials - Found credentials in shared credentials file: ~/.aws/credentials
2026-03-17T12:53:30Z [INFO] sce.1_5.reactive - Deploying principal: arn:aws:iam::396608802942:user/ChaosXploit-Labs
2026-03-17T12:53:31Z [INFO] sce.1_5.reactive - Pre-flight: all permissions appear allowed.
2026-03-17T12:53:31Z [INFO] sce.1_5.reactive - Resolving latest AL2023 AMI via SSM parameter '/aws/service/ami-amazon-linux-latest/al2023-ami-kernel-default-x86_64' ...
2026-03-17T12:53:32Z [INFO] sce.1_5.reactive - Resolved AMI ID: ami-02dfbd4ff395f2a1b
2026-03-17T12:53:32Z [INFO] sce.1_5.reactive - Account: 396608802942
2026-03-17T12:53:32Z [INFO] sce.1_5.reactive - Creating S3 bucket 'sce-react-1773748409-8ca025f6' in region 'us-east-1' ...
2026-03-17T12:53:33Z [INFO] sce.1_5.reactive - S3 bucket 'sce-react-1773748409-8ca025f6' created.
2026-03-17T12:53:33Z [INFO] sce.1_5.reactive - Versioning enabled on bucket 'sce-react-1773748409-8ca025f6'.
2026-03-17T12:53:33Z [INFO] sce.1_5.reactive - Packaging Lambda source into ZIP and uploading to s3://sce-react-1773748409-8ca025f6/lambda/handler-1773748409-8ca025f6.zip ...
2026-03-17T12:53:34Z [INFO] sce.1_5.reactive - Lambda package uploaded: s3://sce-react-1773748409-8ca025f6/lambda/handler-1773748409-8ca025f6.zip (1346 bytes).
2026-03-17T12:53:34Z [INFO] sce.1_5.reactive - Validating CFN template string encoding ...
2026-03-17T12:53:34Z [INFO] sce.1_5.reactive - Template validation passed -- all strings are ASCII-safe.
2026-03-17T12:53:34Z [INFO] sce.1_5.reactive - Creating CloudFormation stack 'sce-experiment-1773748409-8ca025f6' ...
2026-03-17T12:53:35Z [INFO] sce.1_5.reactive - Waiting for CFN waiter 'stack_create_complete' on stack 'sce-experiment-1773748409-8ca025f6' ...
2026-03-17T12:56:41Z [INFO] sce.1_5.reactive - CFN waiter 'stack_create_complete' completed for 'sce-experiment-1773748409-8ca025f6'.
2026-03-17T12:56:41Z [INFO] sce.1_5.reactive - Stack outputs: {'SqsQueueUrl': 'https://sqs.us-east-1.amazonaws.com/396608802942/sce-queue-1773748409-8ca025f6', 'AttackerRoleArn': 'arn:aws:iam::396608802942:role/sce-attacker-role-1773748409-8ca025f6', 'InstanceId': 'i-0ef9724abff3fe85e', 'TrailName': 'sce-trail-1773748409-8ca025f6', 'AttackerRoleName': 'sce-attacker-role-1773748409-8ca025f6'}
2026-03-17T12:56:41Z [INFO] sce.1_5.reactive - Outputs validated -- InstanceId=i-0ef9724abff3fe85e AttackerRoleName=sce-attacker-role-1773748409-8ca025f6 TrailName=sce-trail-1773748409-8ca025f6
2026-03-17T12:56:42Z [INFO] sce.1_5.reactive - Baseline: IMDSv2 enforced on instance i-0ef9724abff3fe85e.
2026-03-17T12:56:43Z [INFO] sce.1_5.reactive - Baseline: CloudTrail trail 'sce-trail-1773748409-8ca025f6' is logging.
2026-03-17T12:56:43Z [INFO] sce.1_5.reactive - Baseline: SQS queue is empty.
2026-03-17T12:56:44Z [INFO] sce.1_5.reactive - steady_state() complete.
[32m[2026-03-17 12:56:44 INFO] Action: Assume attacker role and call ec2:ModifyInstanceMetadataOptions to downgrade IMDS to IMDSv1 generating a CloudTrail event that triggers the EventBridge Lambda reactive pipeline
2026-03-17T12:56:44Z [INFO] sce.1_5.reactive - === attack() -- role: arn:aws:iam::396608802942:role/sce-attacker-role-1773748409-8ca025f6 ===
2026-03-17T12:56:44Z [INFO] sce.1_5.reactive - Assumed AttackerRole. Session: AROAVYV52CB7OSJ4QH4PN:sce-attack-1773748409-8ca025f6
2026-03-17T12:56:44Z [INFO] sce.1_5.reactive - Calling ModifyInstanceMetadataOptions on i-0ef9724abff3fe85e (http_tokens=optional, hop_limit=2) -- reactive pipeline should fire ...
2026-03-17T12:56:45Z [INFO] sce.1_5.reactive - ModifyInstanceMetadataOptions succeeded (HTTP 200). CloudTrail event generated. Lambda reactive pipeline firing ...
2026-03-17T12:56:45Z [INFO] sce.1_5.reactive - attack() complete. Waiting 15s for CloudTrail delivery + Lambda cold start before polling ...
[32m[2026-03-17 12:57:00 INFO] Steady state hypothesis: EC2 instance has IMDSv2 enforced, EventBridge rule ENABLED, SQS queue empty, CloudTrail logging, and attacker role has no deny-all policy before attack
[32m[2026-03-17 12:57:00 INFO] Probe: Verify Lambda re-hardened IMDS (H1), applied deny-all to attacker role (H2), and published SNS notification (H3) within 90-second reactive SLA
2026-03-17T12:57:00Z [INFO] sce.1_5.reactive - === hypothesis_verification() ===
2026-03-17T12:57:00Z [INFO] sce.1_5.reactive - Polling H1 (IMDS re-hardened), H2 (deny-all policy), H3 (SNS) in unified round-robin loop. SLA: 90 seconds from now.
2026-03-17T12:57:01Z [INFO] sce.1_5.reactive - [H2] PASS -- Deny-all policy 'SCE-REACTIVE-DENY-ALL' on role 'sce-attacker-role-1773748409-8ca025f6' 15.9s after attack.
2026-03-17T12:57:02Z [INFO] sce.1_5.reactive - [H3] PASS -- Reactive SNS notification received 15.9s after attack. Actions: ['IMDS_REHARDENED', 'DENY_ALL_POLICY_APPLIED']
2026-03-17T12:58:31Z [ERROR] sce.1_5.reactive - [H1] FAIL -- IMDS NOT re-hardened within SLA. Final: HttpTokens=optional HopLimit=2. Total elapsed: 106.6s.
2026-03-17T12:58:31Z [ERROR] sce.1_5.reactive - hypothesis_verification() -> FAIL. H1=False H2=True H3=True. Total elapsed: 106.6s.
[31m[2026-03-17 12:58:31 CRITICAL] Steady state probe 'Verify Lambda re-hardened IMDS (H1), applied deny-all to attacker role (H2), and published SNS notification (H3) within 90-second reactive SLA' is not in the given tolerance so failing this experiment
[32m[2026-03-17 12:58:31 INFO] Let's rollback...
[32m[2026-03-17 12:58:31 INFO] Rollback: Remove deny-all inline policy from attacker role, delete CloudFormation stack, then empty and delete the S3 bucket
[32m[2026-03-17 12:58:31 INFO] Action: Remove deny-all inline policy from attacker role, delete CloudFormation stack, then empty and delete the S3 bucket
2026-03-17T12:58:31Z [INFO] sce.1_5.reactive - === rollback() -- stack: 'sce-experiment-1773748409-8ca025f6' ===
2026-03-17T12:58:32Z [INFO] sce.1_5.reactive - Removed deny-all inline policy from role 'sce-attacker-role-1773748409-8ca025f6'.
2026-03-17T12:58:33Z [INFO] sce.1_5.reactive - Stack 'sce-experiment-1773748409-8ca025f6' status: CREATE_COMPLETE
2026-03-17T12:58:33Z [INFO] sce.1_5.reactive - Stack deletion initiated for 'sce-experiment-1773748409-8ca025f6'.
2026-03-17T12:58:33Z [INFO] sce.1_5.reactive - Waiting for CFN waiter 'stack_delete_complete' on stack 'sce-experiment-1773748409-8ca025f6' ...
2026-03-17T13:00:58Z [INFO] sce.1_5.reactive - CFN waiter 'stack_delete_complete' completed for 'sce-experiment-1773748409-8ca025f6'.
2026-03-17T13:00:58Z [INFO] sce.1_5.reactive - Stack 'sce-experiment-1773748409-8ca025f6' deleted.
2026-03-17T13:00:58Z [INFO] sce.1_5.reactive - Emptying and deleting S3 bucket 'sce-react-1773748409-8ca025f6' ...
2026-03-17T13:00:59Z [INFO] sce.1_5.reactive - S3 bucket 'sce-react-1773748409-8ca025f6' deleted.
2026-03-17T13:00:59Z [INFO] sce.1_5.reactive - rollback() complete.
[32m[2026-03-17 13:00:59 INFO] Experiment ended with status: deviated
[32m[2026-03-17 13:00:59 INFO] The steady-state has deviated, a weakness may have been discovered


RETURN CODE: 1