STDOUT:


STDERR:
[32m[2026-04-08 22:28:42 INFO] Validating the experiment's syntax
[32m[2026-04-08 22:28:43 INFO] Experiment looks valid
[32m[2026-04-08 22:28:43 INFO] Running experiment: SCE 1.3 - Reactive Probe: Malicious CodeBuild Project Detection
[32m[2026-04-08 22:28:43 INFO] Steady-state strategy: after-method-only
[32m[2026-04-08 22:28:43 INFO] Rollbacks strategy: default
[32m[2026-04-08 22:28:43 INFO] Playing your experiment's method now...
[32m[2026-04-08 22:28:43 INFO] Action: deploy-reactive-security-controls
2026-04-08 22:28:43,058 - INFO - Found credentials in shared credentials file: ~/.aws/credentials
2026-04-08 22:28:43,627 - INFO - Running in account 941377112071 as arn:aws:iam::941377112071:user/sce_user
2026-04-08 22:28:43,807 - INFO - Creating stack: sce-experiment-1775705323
2026-04-08 22:28:44,672 - INFO - Stack creation initiated: arn:aws:cloudformation:us-east-1:941377112071:stack/sce-experiment-1775705323/3671cbb0-33c4-11f1-9456-0e79bd5fa021
2026-04-08 22:28:44,797 - INFO - Stack status: CREATE_IN_PROGRESS
2026-04-08 22:28:49,925 - INFO - Stack status: CREATE_IN_PROGRESS
2026-04-08 22:28:56,040 - INFO - Stack status: CREATE_IN_PROGRESS
2026-04-08 22:29:03,675 - INFO - Stack status: CREATE_IN_PROGRESS
2026-04-08 22:29:12,736 - INFO - Stack status: CREATE_COMPLETE
2026-04-08 22:29:12,736 - INFO - Stack created successfully
2026-04-08 22:29:12,840 - INFO - Output CodeBuildRoleArn: arn:aws:iam::941377112071:role/CodeBuildRole-1775705323
2026-04-08 22:29:12,840 - INFO - Output AlarmName: MaliciousCodeBuildAlarm-1775705323
2026-04-08 22:29:12,840 - INFO - Output SNSTopicArn: arn:aws:sns:us-east-1:941377112071:CodeBuildSecurityAlerts-1775705323
2026-04-08 22:29:12,840 - INFO - Output LogGroupName: /aws/codebuild/malicious-build-1775705323
[32m[2026-04-08 22:29:12 INFO] Action: create-and-execute-malicious-codebuild-project
2026-04-08 22:29:12,867 - INFO - Found credentials in shared credentials file: ~/.aws/credentials
2026-04-08 22:29:13,429 - INFO - Running in account 941377112071 as arn:aws:iam::941377112071:user/sce_user
2026-04-08 22:29:13,933 - INFO - Executing attack: Creating malicious CodeBuild project malicious-build-1775705323
2026-04-08 22:29:14,489 - INFO - Using IAM role: arn:aws:iam::941377112071:role/CodeBuildRole-1775705323
2026-04-08 22:29:15,202 - INFO - Created malicious CodeBuild project: arn:aws:codebuild:us-east-1:941377112071:project/malicious-build-1775705323
2026-04-08 22:29:15,510 - INFO - Started malicious build: malicious-build-1775705323:e7f89697-672d-4337-93e4-ab0d5a2d7aba
2026-04-08 22:29:25,629 - INFO - Build status: SUCCEEDED
2026-04-08 22:29:26,106 - INFO - Log streams found: 1
2026-04-08 22:29:26,253 - INFO - Found malicious log entry: [Container] 2026/04/09 03:29:23.381419 Running command echo "Starting malicious activity"

2026-04-08 22:29:26,253 - INFO - Attack executed successfully - malicious logs written
[32m[2026-04-08 22:29:26 INFO] Steady state hypothesis: Reactive control detects malicious CodeBuild activity
[32m[2026-04-08 22:29:26 INFO] Probe: verify-cloudwatch-alarm-triggered
2026-04-08 22:29:26,277 - INFO - Found credentials in shared credentials file: ~/.aws/credentials
2026-04-08 22:29:26,796 - INFO - Running in account 941377112071 as arn:aws:iam::941377112071:user/sce_user
2026-04-08 22:29:26,863 - INFO - Verifying reactive control: Checking alarm MaliciousCodeBuildAlarm-1775705323
2026-04-08 22:30:57,391 - INFO - Alarm state: OK
2026-04-08 22:30:57,391 - INFO - State reason: Threshold Crossed: 1 datapoint [0.0 (09/04/26 03:29:00)] was not greater than or equal to the threshold (1.0).
2026-04-08 22:30:57,391 - INFO - State updated: 2026-04-09 03:30:46.190000+00:00
2026-04-08 22:30:57,391 - INFO - Alarm state: OK - not yet triggered
2026-04-08 22:31:07,834 - INFO - Alarm state: OK
2026-04-08 22:31:07,834 - INFO - State reason: Threshold Crossed: 1 datapoint [0.0 (09/04/26 03:29:00)] was not greater than or equal to the threshold (1.0).
2026-04-08 22:31:07,835 - INFO - State updated: 2026-04-09 03:30:46.190000+00:00
2026-04-08 22:31:07,835 - INFO - Alarm state: OK - not yet triggered
2026-04-08 22:31:20,279 - INFO - Alarm state: OK
2026-04-08 22:31:20,279 - INFO - State reason: Threshold Crossed: 1 datapoint [0.0 (09/04/26 03:29:00)] was not greater than or equal to the threshold (1.0).
2026-04-08 22:31:20,279 - INFO - State updated: 2026-04-09 03:30:46.190000+00:00
2026-04-08 22:31:20,279 - INFO - Alarm state: OK - not yet triggered
2026-04-08 22:31:35,137 - INFO - Alarm state: OK
2026-04-08 22:31:35,137 - INFO - State reason: Threshold Crossed: 1 datapoint [0.0 (09/04/26 03:29:00)] was not greater than or equal to the threshold (1.0).
2026-04-08 22:31:35,137 - INFO - State updated: 2026-04-09 03:30:46.190000+00:00
2026-04-08 22:31:35,137 - INFO - Alarm state: OK - not yet triggered
2026-04-08 22:31:52,911 - INFO - Alarm state: OK
2026-04-08 22:31:52,911 - INFO - State reason: Threshold Crossed: 1 datapoint [0.0 (09/04/26 03:29:00)] was not greater than or equal to the threshold (1.0).
2026-04-08 22:31:52,911 - INFO - State updated: 2026-04-09 03:30:46.190000+00:00
2026-04-08 22:31:52,911 - INFO - Alarm state: OK - not yet triggered
2026-04-08 22:32:14,064 - INFO - Alarm state: OK
2026-04-08 22:32:14,065 - INFO - State reason: Threshold Crossed: 1 datapoint [0.0 (09/04/26 03:29:00)] was not greater than or equal to the threshold (1.0).
2026-04-08 22:32:14,065 - INFO - State updated: 2026-04-09 03:30:46.190000+00:00
2026-04-08 22:32:14,065 - INFO - Alarm state: OK - not yet triggered
2026-04-08 22:32:39,438 - INFO - Alarm state: OK
2026-04-08 22:32:39,439 - INFO - State reason: Threshold Crossed: 1 datapoint [0.0 (09/04/26 03:29:00)] was not greater than or equal to the threshold (1.0).
2026-04-08 22:32:39,439 - INFO - State updated: 2026-04-09 03:30:46.190000+00:00
2026-04-08 22:32:39,439 - INFO - Alarm state: OK - not yet triggered
2026-04-08 22:33:09,787 - INFO - Alarm state: OK
2026-04-08 22:33:09,787 - INFO - State reason: Threshold Crossed: 1 datapoint [0.0 (09/04/26 03:29:00)] was not greater than or equal to the threshold (1.0).
2026-04-08 22:33:09,787 - INFO - State updated: 2026-04-09 03:30:46.190000+00:00
2026-04-08 22:33:09,787 - INFO - Alarm state: OK - not yet triggered
2026-04-08 22:33:40,287 - INFO - Alarm state: OK
2026-04-08 22:33:40,287 - INFO - State reason: Threshold Crossed: 1 datapoint [0.0 (09/04/26 03:29:00)] was not greater than or equal to the threshold (1.0).
2026-04-08 22:33:40,287 - INFO - State updated: 2026-04-09 03:30:46.190000+00:00
2026-04-08 22:33:40,287 - INFO - Alarm state: OK - not yet triggered
2026-04-08 22:34:10,781 - INFO - Final alarm state: OK
[31m[2026-04-08 22:34:10 CRITICAL] Steady state probe 'verify-cloudwatch-alarm-triggered' is not in the given tolerance so failing this experiment
[32m[2026-04-08 22:34:10 INFO] Let's rollback...
[32m[2026-04-08 22:34:10 INFO] Rollback: cleanup-experiment-resources
[32m[2026-04-08 22:34:10 INFO] Action: cleanup-experiment-resources
2026-04-08 22:34:10,817 - INFO - Found credentials in shared credentials file: ~/.aws/credentials
2026-04-08 22:34:11,352 - INFO - Running in account 941377112071 as arn:aws:iam::941377112071:user/sce_user
2026-04-08 22:34:11,519 - INFO - Deleting CodeBuild project: malicious-build-1775705323
2026-04-08 22:34:12,120 - INFO - CodeBuild project deleted
2026-04-08 22:34:12,120 - INFO - Deleting stack: sce-experiment-1775705323
2026-04-08 22:34:12,756 - INFO - Stack deletion initiated
2026-04-08 22:34:12,874 - INFO - Stack status: DELETE_IN_PROGRESS
2026-04-08 22:34:17,985 - INFO - Stack status: DELETE_IN_PROGRESS
2026-04-08 22:34:24,821 - INFO - Stack status: DELETE_IN_PROGRESS
2026-04-08 22:34:32,423 - INFO - Stack status: DELETE_IN_PROGRESS
2026-04-08 22:34:41,524 - INFO - Stack status: DELETE_IN_PROGRESS
2026-04-08 22:34:52,370 - INFO - Stack status: DELETE_IN_PROGRESS
2026-04-08 22:35:05,219 - INFO - Stack deleted successfully
2026-04-08 22:35:05,220 - INFO - Stack deletion completed
[32m[2026-04-08 22:35:05 INFO] Experiment ended with status: deviated
[32m[2026-04-08 22:35:05 INFO] The steady-state has deviated, a weakness may have been discovered


RETURN CODE: 1