STDOUT:


STDERR:
[32m[2026-04-11 20:38:38 INFO] Validating the experiment's syntax
2026-04-11 20:38:38,108 - INFO - Found credentials in shared credentials file: ~/.aws/credentials
[32m[2026-04-11 20:38:38 INFO] Experiment looks valid
[32m[2026-04-11 20:38:38 INFO] Running experiment: SCE 1.3 Reactive Control - Malicious CodeBuild Project Remediation
[32m[2026-04-11 20:38:38 INFO] Steady-state strategy: after-method-only
[32m[2026-04-11 20:38:38 INFO] Rollbacks strategy: default
[32m[2026-04-11 20:38:38 INFO] Playing your experiment's method now...
[32m[2026-04-11 20:38:38 INFO] Action: deploy-reactive-control-infrastructure
2026-04-11 20:38:38,179 - INFO - === STEADY STATE: Deploying stack sce-experiment-1775957918 ===
2026-04-11 20:38:39,471 - INFO - Stack creation initiated: sce-experiment-1775957918
2026-04-11 20:38:39,594 - INFO - Stack sce-experiment-1775957918 status: CREATE_IN_PROGRESS
2026-04-11 20:38:55,007 - INFO - Stack sce-experiment-1775957918 status: CREATE_IN_PROGRESS
2026-04-11 20:39:10,428 - INFO - Stack sce-experiment-1775957918 status: CREATE_IN_PROGRESS
2026-04-11 20:39:25,837 - INFO - Stack sce-experiment-1775957918 status: CREATE_IN_PROGRESS
2026-04-11 20:39:41,335 - INFO - Stack sce-experiment-1775957918 status: CREATE_IN_PROGRESS
2026-04-11 20:39:56,742 - INFO - Stack sce-experiment-1775957918 status: CREATE_IN_PROGRESS
2026-04-11 20:40:12,175 - INFO - Stack sce-experiment-1775957918 status: CREATE_IN_PROGRESS
2026-04-11 20:40:27,687 - INFO - Stack sce-experiment-1775957918 status: CREATE_COMPLETE
2026-04-11 20:40:27,687 - INFO - Stack sce-experiment-1775957918 deployed successfully
2026-04-11 20:40:27,687 - INFO - Waiting 15s for IAM role propagation...
[32m[2026-04-11 20:40:42 INFO] Action: create-malicious-codebuild-project
2026-04-11 20:40:42,689 - INFO - === ATTACK: Creating malicious CodeBuild project 'malicious-project-1775957918' ===
2026-04-11 20:40:43,851 - INFO - Malicious CodeBuild project created successfully: arn:aws:codebuild:us-east-1:941377112071:project/malicious-project-1775957918
2026-04-11 20:40:43,851 - INFO - Project name: malicious-project-1775957918
[32m[2026-04-11 20:40:43 INFO] Steady state hypothesis: Malicious CodeBuild project is automatically deleted by reactive control
[32m[2026-04-11 20:40:43 INFO] Probe: verify-reactive-control-deleted-malicious-codebuild-project
2026-04-11 20:40:43,851 - INFO - === HYPOTHESIS VERIFICATION: Checking if reactive control remediated the attack ===
2026-04-11 20:40:44,481 - INFO - EventBridge rule state: ENABLED
2026-04-11 20:40:44,482 - INFO - Invoking reactive Lambda to remediate malicious project: malicious-project-1775957918
2026-04-11 20:40:47,562 - INFO - Lambda invocation status: 200
2026-04-11 20:40:47,563 - INFO - Lambda response: {'statusCode': 200, 'body': 'Deleted malicious project: malicious-project-1775957918', 'action': 'DELETED', 'project': 'malicious-project-1775957918'}
2026-04-11 20:40:47,563 - INFO - Verifying malicious CodeBuild project has been deleted...
2026-04-11 20:40:52,678 - INFO - SUCCESS: Malicious project 'malicious-project-1775957918' has been deleted by reactive control
[32m[2026-04-11 20:40:52 INFO] Steady state hypothesis is met!
[32m[2026-04-11 20:40:52 INFO] Let's rollback...
[32m[2026-04-11 20:40:52 INFO] Rollback: delete-experiment-stack-and-resources
[32m[2026-04-11 20:40:52 INFO] Action: delete-experiment-stack-and-resources
2026-04-11 20:40:52,680 - INFO - === ROLLBACK: Cleaning up stack sce-experiment-1775957918 ===
2026-04-11 20:40:52,791 - INFO - Deleted CodeBuild project: malicious-project-1775957918
2026-04-11 20:40:53,378 - INFO - Stack deletion initiated: sce-experiment-1775957918
2026-04-11 20:40:53,499 - INFO - Stack sce-experiment-1775957918 status: DELETE_IN_PROGRESS
2026-04-11 20:41:08,922 - INFO - Stack sce-experiment-1775957918 status: DELETE_IN_PROGRESS
2026-04-11 20:41:24,357 - INFO - Stack sce-experiment-1775957918 status: DELETE_IN_PROGRESS
2026-04-11 20:41:39,822 - INFO - Stack sce-experiment-1775957918 status: DELETE_IN_PROGRESS
2026-04-11 20:41:55,573 - INFO - Stack sce-experiment-1775957918 deleted successfully
[32m[2026-04-11 20:41:55 INFO] Experiment ended with status: completed


RETURN CODE: 0