STDOUT:


STDERR:
[32m[2026-04-04 21:07:50 INFO] Validating the experiment's syntax
[32m[2026-04-04 21:07:50 INFO] Experiment looks valid
[32m[2026-04-04 21:07:50 INFO] Running experiment: SCE 1.3 — Preventive Probe: Block Creation of Malicious CodeBuild Project
[32m[2026-04-04 21:07:50 INFO] Steady-state strategy: after-method-only
[32m[2026-04-04 21:07:50 INFO] Rollbacks strategy: default
[32m[2026-04-04 21:07:50 INFO] Playing your experiment's method now...
[32m[2026-04-04 21:07:50 INFO] Action: deploy-iam-preventive-control-and-attack-role
2026-04-04T21:07:50Z  INFO      Found credentials in shared credentials file: ~/.aws/credentials
2026-04-04T21:07:51Z  INFO      === steady_state() ===
2026-04-04T21:07:51Z  INFO      Stack        : sce-experiment-1775354870
2026-04-04T21:07:51Z  INFO      Region       : us-east-1
2026-04-04T21:07:51Z  INFO      Account      : 941377112071
2026-04-04T21:07:51Z  INFO      Project name : sce-malicious-cb-1775354870
2026-04-04T21:07:51Z  INFO      Found credentials in shared credentials file: ~/.aws/credentials
2026-04-04T21:07:52Z  INFO      CloudFormation stack creation initiated.
2026-04-04T21:07:52Z  INFO        Stack status: CREATE_IN_PROGRESS
2026-04-04T21:07:52Z  INFO        … waiting for CREATE_COMPLETE (retrying in 15s)
2026-04-04T21:08:07Z  INFO        Stack status: CREATE_IN_PROGRESS
2026-04-04T21:08:07Z  INFO        … waiting for CREATE_COMPLETE (retrying in 15s)
2026-04-04T21:08:23Z  INFO        Stack status: CREATE_IN_PROGRESS
2026-04-04T21:08:23Z  INFO        … waiting for CREATE_COMPLETE (retrying in 15s)
2026-04-04T21:08:38Z  INFO        Stack status: CREATE_COMPLETE
2026-04-04T21:08:38Z  INFO      AttackRoleArn      : arn:aws:iam::941377112071:role/sce-attack-role-1775354870
2026-04-04T21:08:38Z  INFO      CodeBuildSvcRoleArn: arn:aws:iam::941377112071:role/sce-cb-service-role-1775354870
2026-04-04T21:08:38Z  INFO      steady_state() complete — preventive control deployed.
[32m[2026-04-04 21:08:38 INFO] Action: attempt-to-create-malicious-codebuild-project-via-constrained-role
2026-04-04T21:08:38Z  INFO      === attack() ===
2026-04-04T21:08:38Z  INFO      Assuming AttackRole: arn:aws:iam::941377112071:role/sce-attack-role-1775354870
2026-04-04T21:08:38Z  INFO      Found credentials in shared credentials file: ~/.aws/credentials
2026-04-04T21:08:39Z  INFO      Successfully assumed AttackRole (session expires: 2026-04-05 02:23:39+00:00)
2026-04-04T21:08:39Z  INFO      Attack BLOCKED by preventive control — AccessDeniedException (HTTP 400, RequestId: e8067f4f-25af-4687-b3f8-8e2b90890e59)
[32m[2026-04-04 21:08:39 INFO] Steady state hypothesis: Malicious CodeBuild project does not exist and deny policy is active
[32m[2026-04-04 21:08:39 INFO] Probe: verify-codebuild-project-blocked-by-deny-policy
2026-04-04T21:08:39Z  INFO      === hypothesis_verification() ===
2026-04-04T21:08:39Z  INFO      Found credentials in shared credentials file: ~/.aws/credentials
2026-04-04T21:08:40Z  INFO      batch_get_projects result — found: [], notFound: ['sce-malicious-cb-1775354870']
2026-04-04T21:08:40Z  INFO      Found credentials in shared credentials file: ~/.aws/credentials
2026-04-04T21:08:40Z  INFO      Deny policy 'sce-deny-cb-create-1775354870' attached to attack role: True
2026-04-04T21:08:40Z  INFO      HYPOTHESIS VERIFIED: malicious CodeBuild project 'sce-malicious-cb-1775354870' was NOT created (preventive deny policy is active and effective).
[32m[2026-04-04 21:08:40 INFO] Steady state hypothesis is met!
[32m[2026-04-04 21:08:40 INFO] Let's rollback...
[32m[2026-04-04 21:08:40 INFO] Rollback: delete-cloudformation-stack-and-all-sce-resources
[32m[2026-04-04 21:08:40 INFO] Action: delete-cloudformation-stack-and-all-sce-resources
2026-04-04T21:08:40Z  INFO      === rollback() ===
2026-04-04T21:08:40Z  INFO      Found credentials in shared credentials file: ~/.aws/credentials
2026-04-04T21:08:40Z  INFO      Found credentials in shared credentials file: ~/.aws/credentials
2026-04-04T21:08:41Z  INFO      Deleted CodeBuild project 'sce-malicious-cb-1775354870' during rollback.
2026-04-04T21:08:41Z  INFO      Stack deletion initiated: sce-experiment-1775354870
2026-04-04T21:08:42Z  INFO        Stack status: DELETE_IN_PROGRESS
2026-04-04T21:08:42Z  INFO        … waiting for DELETE_COMPLETE (retrying in 15s)
2026-04-04T21:08:57Z  INFO        Stack no longer visible — deletion complete.
2026-04-04T21:08:57Z  INFO      Stack 'sce-experiment-1775354870' deleted successfully.
[32m[2026-04-04 21:08:57 INFO] Experiment ended with status: completed


RETURN CODE: 0