STDOUT:


STDERR:
[32m[2026-04-04 21:33:10 INFO] Validating the experiment's syntax
[32m[2026-04-04 21:33:10 INFO] Experiment looks valid
[32m[2026-04-04 21:33:10 INFO] Running experiment: SCE 1.3 Preventive: Block Malicious CodeBuild Project Creation
[32m[2026-04-04 21:33:10 INFO] Steady-state strategy: after-method-only
[32m[2026-04-04 21:33:10 INFO] Rollbacks strategy: default
[32m[2026-04-04 21:33:10 INFO] Playing your experiment's method now...
[32m[2026-04-04 21:33:10 INFO] Action: deploy-experiment-infrastructure-with-preventive-deny-policy
2026-04-04 21:33:10,895 [INFO] === STEADY STATE === Deploying stack: sce-experiment-1775356390
2026-04-04 21:33:10,903 [INFO] Found credentials in shared credentials file: ~/.aws/credentials
2026-04-04 21:33:11,753 [INFO] Stack creation initiated: sce-experiment-1775356390
2026-04-04 21:33:11,872 [INFO] Stack sce-experiment-1775356390 status: CREATE_IN_PROGRESS
2026-04-04 21:33:22,307 [INFO] Stack sce-experiment-1775356390 status: CREATE_IN_PROGRESS
2026-04-04 21:33:32,727 [INFO] Stack sce-experiment-1775356390 status: CREATE_IN_PROGRESS
2026-04-04 21:33:43,153 [INFO] Stack sce-experiment-1775356390 status: CREATE_IN_PROGRESS
2026-04-04 21:33:53,583 [INFO] Stack sce-experiment-1775356390 status: CREATE_COMPLETE
2026-04-04 21:33:53,702 [INFO] Attack role ARN: arn:aws:iam::941377112071:role/sce-attack-role-1775356390
2026-04-04 21:33:53,702 [INFO] Waiting 15s for IAM role propagation...
[32m[2026-04-04 21:34:08 INFO] Action: attempt-malicious-codebuild-project-creation
2026-04-04 21:34:08,705 [INFO] === ATTACK === Attempting to create a malicious CodeBuild project
2026-04-04 21:34:09,192 [INFO] Successfully assumed attack role
2026-04-04 21:34:09,687 [INFO] CreateProject denied: AccessDeniedException — User: arn:aws:sts::941377112071:assumed-role/sce-attack-role-1775356390/sce-attack-session-1775356390 is not authorized to perform: codebuild:CreateProject on resource: arn:aws:codebuild:us-east-1:941377112071:project/sce-malicious-project-1775356390 with an explicit deny in an identity-based policy: arn:aws:iam::941377112071:policy/sce-deny-codebuild-create-1775356390 (HTTP 400)
2026-04-04 21:34:09,687 [INFO] Attack evidence collected: {"outcome": "access_denied", "error_code": "AccessDeniedException", "error_message": "User: arn:aws:sts::941377112071:assumed-role/sce-attack-role-1775356390/sce-attack-session-1775356390 is not authorized to perform: codebuild:CreateProject on resource: arn:aws:codebuild:us-east-1:941377112071:project/sce-malicious-project-1775356390 with an explicit deny in an identity-based policy: arn:aws:iam::941377112071:policy/sce-deny-codebuild-create-1775356390", "http_status": 400}
[32m[2026-04-04 21:34:09 INFO] Steady state hypothesis: Malicious CodeBuild project creation is blocked by preventive IAM deny policy
[32m[2026-04-04 21:34:09 INFO] Probe: verify-preventive-control-blocks-codebuild-create-project
2026-04-04 21:34:09,690 [INFO] === HYPOTHESIS VERIFICATION === Checking preventive control effectiveness
2026-04-04 21:34:09,690 [INFO] CHECK 1 PASSED: Attack was denied with AccessDeniedException
2026-04-04 21:34:10,095 [INFO] CHECK 2 PASSED: Project sce-malicious-project-1775356390 does not exist
2026-04-04 21:34:10,618 [INFO] CHECK 3 PASSED: Deny policy 'sce-deny-codebuild-create-1775356390' is attached to role
2026-04-04 21:34:10,618 [INFO] === HYPOTHESIS VERIFIED: Preventive control successfully blocked malicious CodeBuild project creation ===
[32m[2026-04-04 21:34:10 INFO] Steady state hypothesis is met!
[32m[2026-04-04 21:34:10 INFO] Let's rollback...
[32m[2026-04-04 21:34:10 INFO] Rollback: delete-experiment-cloudformation-stack-and-resources
[32m[2026-04-04 21:34:10 INFO] Action: delete-experiment-cloudformation-stack-and-resources
2026-04-04 21:34:10,622 [INFO] === ROLLBACK === Deleting stack: sce-experiment-1775356390
2026-04-04 21:34:11,036 [INFO] Cleaned up CodeBuild project: sce-malicious-project-1775356390
2026-04-04 21:34:11,690 [INFO] Stack deletion initiated: sce-experiment-1775356390
2026-04-04 21:34:11,813 [INFO] Stack sce-experiment-1775356390 status: DELETE_IN_PROGRESS
2026-04-04 21:34:22,236 [INFO] Stack sce-experiment-1775356390 status: DELETE_IN_PROGRESS
2026-04-04 21:34:32,791 [INFO] Stack sce-experiment-1775356390 deleted successfully
[32m[2026-04-04 21:34:32 INFO] Experiment ended with status: completed


RETURN CODE: 0