STDOUT:


STDERR:
[32m[2026-03-17 11:57:41 INFO] Validating the experiment's syntax
[32m[2026-03-17 11:57:42 INFO] Experiment looks valid
[32m[2026-03-17 11:57:42 INFO] Running experiment: SCE 1.5 Preventive Probe - IMDS Protection Weakening via ec2:ModifyInstanceMetadataOptions
[32m[2026-03-17 11:57:42 INFO] Steady-state strategy: after-method-only
[32m[2026-03-17 11:57:42 INFO] Rollbacks strategy: default
[32m[2026-03-17 11:57:42 INFO] Playing your experiment's method now...
[32m[2026-03-17 11:57:42 INFO] Action: Provision CloudFormation stack with production-tagged EC2 instance (IMDSv2 enforced) and restricted attacker IAM role (Deny on ModifyInstanceMetadataOptions for Environment=production)
2026-03-17T11:57:42Z [INFO] sce.1_5.preventive - === steady_state() -- stack: sce-experiment-1773745062 ===
2026-03-17T11:57:42Z [INFO] sce.1_5.preventive - Resolved AWS region: us-east-1
2026-03-17T11:57:42Z [INFO] sce.1_5.preventive - Running pre-flight permission checks ...
2026-03-17T11:57:42Z [INFO] botocore.credentials - Found credentials in shared credentials file: ~/.aws/credentials
2026-03-17T11:57:43Z [INFO] sce.1_5.preventive - Deploying principal: arn:aws:iam::396608802942:user/ChaosXploit-Labs
2026-03-17T11:57:44Z [INFO] sce.1_5.preventive - Pre-flight: all required permissions appear to be allowed.
2026-03-17T11:57:44Z [INFO] sce.1_5.preventive - Resolving latest AL2023 AMI via SSM parameter '/aws/service/ami-amazon-linux-latest/al2023-ami-kernel-default-x86_64' ...
2026-03-17T11:57:44Z [INFO] sce.1_5.preventive - Resolved AMI ID: ami-02dfbd4ff395f2a1b
2026-03-17T11:57:45Z [INFO] sce.1_5.preventive - Deploying in account: 396608802942
2026-03-17T11:57:45Z [INFO] sce.1_5.preventive - Validating CloudFormation template string encoding ...
2026-03-17T11:57:45Z [INFO] sce.1_5.preventive - Template string validation passed -- all values are ASCII-safe.
2026-03-17T11:57:45Z [INFO] sce.1_5.preventive - Creating CloudFormation stack 'sce-experiment-1773745062' ...
2026-03-17T11:57:46Z [INFO] sce.1_5.preventive - Waiting for CloudFormation waiter 'stack_create_complete' on stack 'sce-experiment-1773745062' ...
2026-03-17T12:00:53Z [INFO] sce.1_5.preventive - CloudFormation waiter 'stack_create_complete' completed for 'sce-experiment-1773745062'.
2026-03-17T12:00:53Z [INFO] sce.1_5.preventive - Stack outputs: {'AttackerRoleArn': 'arn:aws:iam::396608802942:role/sce-attacker-role-1773745062', 'InstanceId': 'i-0495611dc1d061467'}
2026-03-17T12:00:53Z [INFO] sce.1_5.preventive - Stack outputs validated -- InstanceId: i-0495611dc1d061467 | AttackerRoleArn: arn:aws:iam::396608802942:role/sce-attacker-role-1773745062
2026-03-17T12:00:54Z [INFO] sce.1_5.preventive - Baseline confirmed: instance i-0495611dc1d061467 has IMDSv2 enforced (http_tokens=required, hop_limit=1).
2026-03-17T12:00:55Z [INFO] sce.1_5.preventive - steady_state() complete.
[32m[2026-03-17 12:00:55 INFO] Action: Assume restricted attacker role and attempt ec2:ModifyInstanceMetadataOptions to downgrade IMDS to IMDSv1 (http_tokens=optional, hop_limit=2) on the production-tagged instance
2026-03-17T12:00:55Z [INFO] sce.1_5.preventive - === attack() -- assuming role arn:aws:iam::396608802942:role/sce-attacker-role-1773745062 ===
2026-03-17T12:00:56Z [INFO] sce.1_5.preventive - Successfully assumed AttackerRole. Session: AROAVYV52CB7O2ARIAV5S:sce-attack-1773745062
2026-03-17T12:00:56Z [INFO] sce.1_5.preventive - Attempting ec2:ModifyInstanceMetadataOptions on instance i-0495611dc1d061467 (http_tokens=optional, hop_limit=2) ...
2026-03-17T12:00:56Z [INFO] sce.1_5.preventive - AccessDenied for ec2:ModifyInstanceMetadataOptions -- preventive IAM Deny control WORKING AS EXPECTED. Code: UnauthorizedOperation | Message: You are not authorized to perform this operation. User: arn:aws:sts::396608802942:assumed-role/sce-attacker-role-1773745062/sce-attack-1773745062 is not authorized to perform: ec2:ModifyInstanceMetadataOptions on resource: arn:aws:ec2:us-east-1:396608802942:instance/i-0495611dc1d061467 with an explicit deny in an identity-based policy. Encoded authorization failure message: bI-Pcj4XTbMzBWrqFFmqLjX1DCdxY4HDgWVij21W-DNSoLty1OG2tUCa2ZuQBarcEnVC17yL7HJrP7fQtplCW24_mCXt3qyFDXxIhvd8mXSeerNIwqWE05WnRjogdeLoSBhbzaZLfArOh8KCE3ewlH4L9jnEbWF5QeLloaHtX8mgazTbQuNIX7WQO2QwvGWBIt7fEW1dv-obOqAfU9qHvaxI40-uVDv9wTZM_xQEYeeWTg6JGtpm-r22vo6mB9p5r7xO9WC0b3Kh0XF9SMkqr-iffKb18aTtcVtJbif4OSbWWf5tOhvP8MFsXL8QikWvuGrA1CVlCS_dUwCt3_Z3F-l45swEEhf22MmgIDroocJBn3oUiwPDNUHhHyG0W1hAmJZ02mDbsJ6XiMdV1dT2nDGP5xqWymqV7Z2kYAHGe0AWOdWZ72y1BE2QB1kOf1_WaDZja8cKFW_4JNOz_uDHQeI5pdyTYuITkiUAOYfKODYhUQENHTZorBkbuNbp3JxwJH91kMf6dZ-E1qEld7FQ0CJwFBQ3HI3TUDRrsU9VyCFriGM4wpYqm6NrivHFyrSIRQ4GahwjMiiq0rEiRRbDJqnt-S8pd2OoaDdE9WL-Zb8iaMAw-XL1vnEybnyPn6vQO8Cd7LbtHYWji1hG3FDKzFZUHXRFAM4nRcn99SQ1o0oxECLmJyK_b8y2BopWEkKEnkVCuODfRXuM7vpg8Ikj7j7SbNFyU1-_e1gDYZM3TxtBqpKGrYdgoR0d0BMntgWMvmOjvaiyX6j3v2KqKCJIcB79EmlLyykPZaNeaPbIPd56fjL2sSthsIWhGlPYLpml9iw3wIxvs51zrYa7FqqZt3E6rQ8G9oQSn8035Q1BWPBvEghtlwYUzYDWyAXYyKSv5W6aye4BXaXXcnxDyt_i4fKife2MDFC3oaWxaIO4E6SoBUE_1QGb0RVazyrHB9ddNfdkIw5DrUbWF6OOBWAhL2oUa1EdWd8wFfyf-SQKCWg3w-7oodo0Cy4V9mIm1gCXV6tzAT47j65EFypRkeRCG-dlvyyZ8SwEQT-RgTE_8b89NZOFKeuS3EZezhJltpLYN51dhSR7AhzWkxIPvJaAQXryh6IYm4JkKlbNvP_rlPnz0jWmIGNk6OF14licKOmhp6Qdo4iPuEIfWDvObatFPPupbDSnsdD5PPtUn-Vntgaq3llsJpO0E5vqlGJKLKoiDV89FmrAonycuz4lTc1O1oc31agawqn5AYyJodaufEL_V_siDDfe0byDs8Osv_bi-g46xGmwcTMGc1cbI43_cH06LB8ieoI9UTVZPadodwTxfSyXtT0c6WOmICpZZau_mQ
2026-03-17T12:00:56Z [INFO] sce.1_5.preventive - attack() complete. Result: {'stage': 'modify_imds', 'access_denied': True, 'error_code': 'UnauthorizedOperation', 'error_message': 'You are not authorized to perform this operation. User: arn:aws:sts::396608802942:assumed-role/sce-attacker-role-1773745062/sce-attack-1773745062 is not authorized to perform: ec2:ModifyInstanceMetadataOptions on resource: arn:aws:ec2:us-east-1:396608802942:instance/i-0495611dc1d061467 with an explicit deny in an identity-based policy. Encoded authorization failure message: bI-Pcj4XTbMzBWrqFFmqLjX1DCdxY4HDgWVij21W-DNSoLty1OG2tUCa2ZuQBarcEnVC17yL7HJrP7fQtplCW24_mCXt3qyFDXxIhvd8mXSeerNIwqWE05WnRjogdeLoSBhbzaZLfArOh8KCE3ewlH4L9jnEbWF5QeLloaHtX8mgazTbQuNIX7WQO2QwvGWBIt7fEW1dv-obOqAfU9qHvaxI40-uVDv9wTZM_xQEYeeWTg6JGtpm-r22vo6mB9p5r7xO9WC0b3Kh0XF9SMkqr-iffKb18aTtcVtJbif4OSbWWf5tOhvP8MFsXL8QikWvuGrA1CVlCS_dUwCt3_Z3F-l45swEEhf22MmgIDroocJBn3oUiwPDNUHhHyG0W1hAmJZ02mDbsJ6XiMdV1dT2nDGP5xqWymqV7Z2kYAHGe0AWOdWZ72y1BE2QB1kOf1_WaDZja8cKFW_4JNOz_uDHQeI5pdyTYuITkiUAOYfKODYhUQENHTZorBkbuNbp3JxwJH91kMf6dZ-E1qEld7FQ0CJwFBQ3HI3TUDRrsU9VyCFriGM4wpYqm6NrivHFyrSIRQ4GahwjMiiq0rEiRRbDJqnt-S8pd2OoaDdE9WL-Zb8iaMAw-XL1vnEybnyPn6vQO8Cd7LbtHYWji1hG3FDKzFZUHXRFAM4nRcn99SQ1o0oxECLmJyK_b8y2BopWEkKEnkVCuODfRXuM7vpg8Ikj7j7SbNFyU1-_e1gDYZM3TxtBqpKGrYdgoR0d0BMntgWMvmOjvaiyX6j3v2KqKCJIcB79EmlLyykPZaNeaPbIPd56fjL2sSthsIWhGlPYLpml9iw3wIxvs51zrYa7FqqZt3E6rQ8G9oQSn8035Q1BWPBvEghtlwYUzYDWyAXYyKSv5W6aye4BXaXXcnxDyt_i4fKife2MDFC3oaWxaIO4E6SoBUE_1QGb0RVazyrHB9ddNfdkIw5DrUbWF6OOBWAhL2oUa1EdWd8wFfyf-SQKCWg3w-7oodo0Cy4V9mIm1gCXV6tzAT47j65EFypRkeRCG-dlvyyZ8SwEQT-RgTE_8b89NZOFKeuS3EZezhJltpLYN51dhSR7AhzWkxIPvJaAQXryh6IYm4JkKlbNvP_rlPnz0jWmIGNk6OF14licKOmhp6Qdo4iPuEIfWDvObatFPPupbDSnsdD5PPtUn-Vntgaq3llsJpO0E5vqlGJKLKoiDV89FmrAonycuz4lTc1O1oc31agawqn5AYyJodaufEL_V_siDDfe0byDs8Osv_bi-g46xGmwcTMGc1cbI43_cH06LB8ieoI9UTVZPadodwTxfSyXtT0c6WOmICpZZau_mQ'}
[32m[2026-03-17 12:00:56 INFO] Steady state hypothesis: Production EC2 instance has IMDSv2 enforced and attacker role carries explicit Deny on ec2:ModifyInstanceMetadataOptions for Environment=production resources
[32m[2026-03-17 12:00:56 INFO] Probe: Verify IAM Deny blocked the IMDS downgrade attempt and instance IMDS state remains http_tokens=required hop_limit=1
2026-03-17T12:00:56Z [INFO] sce.1_5.preventive - === hypothesis_verification() ===
2026-03-17T12:00:56Z [INFO] sce.1_5.preventive - [H1] PASS -- ec2:ModifyInstanceMetadataOptions was denied at stage='modify_imds'. Error code: UnauthorizedOperation
2026-03-17T12:00:57Z [INFO] sce.1_5.preventive - [H2] PASS -- Instance i-0495611dc1d061467 IMDS is unchanged after attack: HttpTokens=required, HopLimit=1, State=applied
2026-03-17T12:00:57Z [INFO] sce.1_5.preventive - hypothesis_verification() -> PASS. Preventive control is effective: IAM Deny blocked ec2:ModifyInstanceMetadataOptions and the instance IMDS state remains http_tokens=required, hop_limit=1.
[32m[2026-03-17 12:00:57 INFO] Steady state hypothesis is met!
[32m[2026-03-17 12:00:57 INFO] Let's rollback...
[32m[2026-03-17 12:00:57 INFO] Rollback: Delete CloudFormation stack and all provisioned experiment resources (VPC, EC2 instance, IAM roles, security groups)
[32m[2026-03-17 12:00:57 INFO] Action: Delete CloudFormation stack and all provisioned experiment resources (VPC, EC2 instance, IAM roles, security groups)
2026-03-17T12:00:57Z [INFO] sce.1_5.preventive - === rollback() -- deleting stack 'sce-experiment-1773745062' ===
2026-03-17T12:00:57Z [INFO] sce.1_5.preventive - Stack 'sce-experiment-1773745062' current status: CREATE_COMPLETE
2026-03-17T12:00:58Z [INFO] sce.1_5.preventive - Stack deletion initiated for 'sce-experiment-1773745062'.
2026-03-17T12:00:58Z [INFO] sce.1_5.preventive - Waiting for CloudFormation waiter 'stack_delete_complete' on stack 'sce-experiment-1773745062' ...
2026-03-17T12:02:21Z [INFO] sce.1_5.preventive - CloudFormation waiter 'stack_delete_complete' completed for 'sce-experiment-1773745062'.
2026-03-17T12:02:21Z [INFO] sce.1_5.preventive - Stack 'sce-experiment-1773745062' deleted successfully.
2026-03-17T12:02:21Z [INFO] sce.1_5.preventive - rollback() complete.
[32m[2026-03-17 12:02:21 INFO] Experiment ended with status: completed


RETURN CODE: 0